OK    nut__M4_sliding_t_nut
OK    extrusion__E2020
OK    sheet__MDF3
OK    insert__CNCKM5
OK    linear_bearing__LM3UU
OK    ball_bearing__BBMR85
OK    led__LED5mm
OK    potentiometer__KY_040_encoder
OK    screw__M2_cap_screw
OK    pillar__M4x17_nylon_pillar
OK    ball_bearing__BBMR93
OK    ring_terminal__M3_ringterm_crimp
OK    pcb__ESP_01
OK    display__LCDS7282B
OK    linear_bearing__LM6LUU
OK    mains_socket__PMS9143A
FAIL  smd__QFP50P1200X1200X160_64N (see /Users/mohd7/Local/CRAFT/Experimentation/GroundTruth/render_logs/smd__QFP50P1200X1200X160_64N.log)
OK    extrusion__E3060
OK    ball_bearing__BBF695
OK    nut__M5nS_thin_nut
OK    magnet__MAGRE6x2p5
FAIL  smd__U_FL_R_SMT_1 (see /Users/mohd7/Local/CRAFT/Experimentation/GroundTruth/render_logs/smd__U_FL_R_SMT_1.log)
FAIL  smd__CAP0805 (see /Users/mohd7/Local/CRAFT/Experimentation/GroundTruth/render_logs/smd__CAP0805.log)
OK    tubing__NEOP85
OK    stepper_motor__NEMA16_19
OK    pillar__M3x20_hex_pillar
OK    sheet__DiBond6
OK    tubing__CARBONFIBER10
OK    insert__M16x30
OK    batterie__CCELL
OK    screw__M5_dome_screw
OK    ball_bearing__BB686
OK    panel_meter__DSP5005
OK    transformer__CCM300
OK    stepper_motor__NEMA17_34
FAIL  panel_meter__DSN_VC288PCB (see /Users/mohd7/Local/CRAFT/Experimentation/GroundTruth/render_logs/panel_meter__DSN_VC288PCB.log)
OK    bearing_block__SCS12UU
OK    screw__No2_screw
OK    pillar__M3x10_nylon_hex_pillar
OK    ball_bearing__BB608
OK    iec__IEC_320_C14_switched_fused_inlet
OK    screw__M6_pan_screw
OK    magnet__MAG8x4x4p2
OK    ht_pipe__HT_50_pipe_1000
OK    pcb__BTT_SKR_MINI_E3_V2_0
OK    washer__M2p5_washer
OK    component__TC
OK    ht_pipe__HT_50_40_tpipe
OK    pulley__T5x10_pulley
OK    screw__M3_grub_screw
OK    bearing_block__SCS8LUU
OK    screw__M5_cap_screw
OK    pcb__KY_040
OK    washer__M4_washer
OK    ssr__SSR25DA
OK    pulley__GT2x80_pulley
OK    pcb__RPI4
OK    pulley__GT2x16_plain_idler
OK    ht_pipe__HT_75_pipe_250
OK    pcb__XIAO
FAIL  radial__HF33F (see /Users/mohd7/Local/CRAFT/Experimentation/GroundTruth/render_logs/radial__HF33F.log)
FAIL  smd__TANT_C (see /Users/mohd7/Local/CRAFT/Experimentation/GroundTruth/render_logs/smd__TANT_C.log)
OK    ht_pipe__HT_160_pipe_1000
OK    ht_pipe__HT_125_pipe_1500
FAIL  rail__MGN12H_carriage (see /Users/mohd7/Local/CRAFT/Experimentation/GroundTruth/render_logs/rail__MGN12H_carriage.log)
OK    servo_motor__Lichuan_M01330_80ST
OK    tubing__PF7
OK    ht_pipe__HT_40_pipe_500
OK    ht_pipe__HT_40_pipe_150
OK    ball_bearing__BB624
FAIL  panel_meter__DSP5004PCB (see /Users/mohd7/Local/CRAFT/Experimentation/GroundTruth/render_logs/panel_meter__DSP5004PCB.log)
OK    washer__M3_rubber_washer
OK    nut__M8_nut
FAIL  smd__TANT_B (see /Users/mohd7/Local/CRAFT/Experimentation/GroundTruth/render_logs/smd__TANT_B.log)
FAIL  smd__RES0402 (see /Users/mohd7/Local/CRAFT/Experimentation/GroundTruth/render_logs/smd__RES0402.log)
OK    ht_pipe__HT_40_pipe_2000
OK    display__HDMI5
OK    rail__HGH20CA
OK    pillar__M3x20_nylon_hex_pillar
OK    ht_pipe__HT_110_pipe_1000
OK    ht_pipe__HT_50_pipe_150
OK    ht_pipe__HT_50_pipe_500
OK    component__RIE1212UB5C5R6
OK    hot_end__E3Dv5
OK    radial__HC49_4H
OK    extrusion__E2040
OK    sk_bracket__SK10
OK    sheet__AL8
OK    ball_bearing__BBSMR95
OK    screw__M2p5_cap_screw
OK    screw__M4_grub_screw
FAIL  smd__TC33X1 (see /Users/mohd7/Local/CRAFT/Experimentation/GroundTruth/render_logs/smd__TC33X1.log)
OK    iec__IEC_outlet
OK    pulley__T2p5x16_pulley
OK    ring_terminal__M3_ringterm
FAIL  smd__RES0603 (see /Users/mohd7/Local/CRAFT/Experimentation/GroundTruth/render_logs/smd__RES0603.log)
OK    rail__MGN15
OK    box_section__AL38p1x25p4x1p6
OK    component__THS15
OK    extrusion__MakerbeamXL
OK    pulley__GT2x16_toothed_idler_9
OK    rail__MGN9
OK    screw__M4_cap_screw
FAIL  bearing_block__SBR16UU (see /Users/mohd7/Local/CRAFT/Experimentation/GroundTruth/render_logs/bearing_block__SBR16UU.log)
OK    batterie__LUMINTOP
OK    servo_motor__Lichuan_M02430_80ST
OK    leadnut__LNHT8x2
OK    pulley__GT2x20_pulley_9
OK    bearing_block__SCS10UU
FAIL  smd__IND2525 (see /Users/mohd7/Local/CRAFT/Experimentation/GroundTruth/render_logs/smd__IND2525.log)
OK    bearing_block__SCS10LUU
OK    pcb__Duex2
OK    screw__M2_dome_screw
OK    radial__ACT1700
OK    shaft_coupling__SC_5x8_rigid
OK    extrusion__Makerbeam
OK    nut__M3_nut
OK    nut__M2_nut
OK    screw__M8_cs_cap_screw
OK    smd__SOT23_6
OK    stepper_motor__NEMA17_40L280
OK    light_strip__RIGID5050
OK    tubing__PTFE20
OK    ht_pipe__HT_50_cap
OK    variac__DURATRAKV5HM
OK    tubing__PVC85
OK    linear_bearing__LM12LUU
OK    extrusion__E2060
OK    sheet__MDF12
OK    insert__CNCKM4
OK    rail__MGN5
OK    insert__F1BM2p5
OK    washer__M8_washer
OK    tubing__STFE4_6p4_CLR
FAIL  radial__TO92 (see /Users/mohd7/Local/CRAFT/Experimentation/GroundTruth/render_logs/radial__TO92.log)
FAIL  camera__ESP32_CAM_pcb (see /Users/mohd7/Local/CRAFT/Experimentation/GroundTruth/render_logs/camera__ESP32_CAM_pcb.log)
OK    led__LED5x2mm
OK    potentiometer__BTT_encoder
OK    ht_pipe__HT_32_pipe_1000
OK    stepper_motor__NEMA17_47L80
OK    tubing__PTFE2_3
FAIL  radial__VCE03 (see /Users/mohd7/Local/CRAFT/Experimentation/GroundTruth/render_logs/radial__VCE03.log)
OK    sheet__MDF19
OK    screw__M3_cap_screw
OK    panel_meter__PZEM001
OK    stepper_motor__NEMA8_30
OK    insert__M6x15
OK    pcb__ExtruderPCB
OK    ht_pipe__HT_50_pipe_2000
OK    transformer__SMALLTX
OK    rail__SSR15
OK    rail__MGN12
OK    pcb__ArduinoUno3
FAIL  rail__MGN7H_carriage (see /Users/mohd7/Local/CRAFT/Experimentation/GroundTruth/render_logs/rail__MGN7H_carriage.log)
OK    magnet__MAG484
FAIL  display__BigTreeTech_TFT35v3_0_PCB (see /Users/mohd7/Local/CRAFT/Experimentation/GroundTruth/render_logs/display__BigTreeTech_TFT35v3_0_PCB.log)
FAIL  smd__LED1206 (see /Users/mohd7/Local/CRAFT/Experimentation/GroundTruth/render_logs/smd__LED1206.log)
OK    tubing__HSHRNK64
OK    d_connector__DCONN37
OK    bearing_block__SCS8UU
OK    ht_pipe__HT_75_pipe_1500
OK    sheet__PMMA6
OK    pcb__MT3608
OK    pulley__GT2x20ob_pulley
OK    ht_pipe__HT_125_pipe_250
OK    extrusion__E1515
FAIL  smd__RES0805 (see /Users/mohd7/Local/CRAFT/Experimentation/GroundTruth/render_logs/smd__RES0805.log)
OK    ht_pipe__HT_160_pipe_2000
OK    tubing__PTFE07
OK    batterie__AAACELL
OK    screw__M5_grub_screw
OK    bldc_motor__BLDC1105
OK    pcb__PERF80x20
OK    smd__SOIC18
OK    ht_pipe__HT_110_pipe_150
OK    pcb__RPI3A
OK    toggle__CK7000_pin
OK    tubing__PTFE2_4
OK    screw__M3_dome_screw
OK    ht_pipe__HT_110_pipe_500
OK    pcb__BTT_SKR_V1_4_TURBO
OK    radial__C_002RX
OK    bearing_block__SCS12LUU
OK    nut__M3nS_thin_nut
OK    washer__M2_washer
OK    insert__CNCKM3
OK    washer__M8_penny_washer
OK    ball_bearing__BBMR83
OK    insert__M10x25
OK    tubing__HSHRNK100
OK    sheet__AL3
OK    ht_pipe__HT_90_pipe_1500
OK    ball_bearing__BBMR95
OK    nut__M4_nut
OK    nut__M5_nut
OK    led__LED3mm
OK    screw__M6_cap_screw
FAIL  radial__E_LINE (see /Users/mohd7/Local/CRAFT/Experimentation/GroundTruth/render_logs/radial__E_LINE.log)
OK    ball_bearing__BB6200
OK    sheet__DiBond
OK    toggle__CK7000_tag
OK    linear_bearing__LM5LUU
OK    smd__SOIC14
OK    ball_bearing__BBF693
OK    ht_pipe__HT_160_pipe_500
FAIL  camera__ESP32_module (see /Users/mohd7/Local/CRAFT/Experimentation/GroundTruth/render_logs/camera__ESP32_module.log)
OK    ht_pipe__HT_160_pipe_150
OK    ball_bearing__BB696
OK    panel_meter__PZEM021
OK    linear_bearing__LM5UU
OK    photo_interrupter__PH1
OK    screw__M5_pan_screw
OK    bldc_motor__BLDC3548
FAIL  rail__MGN9H_carriage (see /Users/mohd7/Local/CRAFT/Experimentation/GroundTruth/render_logs/rail__MGN9H_carriage.log)
OK    screw__M2p5_pan_screw
FAIL  smd__CAP0402 (see /Users/mohd7/Local/CRAFT/Experimentation/GroundTruth/render_logs/smd__CAP0402.log)
OK    linear_bearing__LM4LUU
OK    extrusion__E3030
OK    ht_pipe__HT_90_cap
OK    component__THS25
OK    component__EpcosBlue
OK    linear_bearing__LM10LUU
FAIL  smd__OMT250 (see /Users/mohd7/Local/CRAFT/Experimentation/GroundTruth/render_logs/smd__OMT250.log)
OK    pcb__PSU12V1A
OK    screw__M4_pan_screw
OK    pcb__L9110S
FAIL  servo_motor__Shaft_19mm_keyed (see /Users/mohd7/Local/CRAFT/Experimentation/GroundTruth/render_logs/servo_motor__Shaft_19mm_keyed.log)
OK    sheet__AL2
OK    ht_pipe__HT_32_pipe_2000
FAIL  nut__M8_sliding_ball_t_nut (see /Users/mohd7/Local/CRAFT/Experimentation/GroundTruth/render_logs/nut__M8_sliding_ball_t_nut.log)
OK    7_segment__WT5011BSR
OK    tubing__STFE4_3p2_CLR
FAIL  smd__CAP0603 (see /Users/mohd7/Local/CRAFT/Experimentation/GroundTruth/render_logs/smd__CAP0603.log)
OK    toggle__AP5236_pin
OK    pulley__GT2x20_toothed_idler_9
OK    display__BigTreeTech_TFT35v3_0
OK    nut__M4nS_thin_nut
OK    iec__IEC_inlet_atx2
OK    shaft_coupling__SC_6x8_flex
OK    batterie__DCELL
OK    ht_pipe__HT_75_cap
OK    screw__M4_dome_screw
OK    box_section__AL50p8x38p1x3
OK    radial__ACT1100
OK    ht_pipe__HT_40_cap
OK    ball_bearing__BB6201
OK    tubing__HSHRNK24
OK    sheet__CF1
OK    box_section__AL20x20x2
OK    pillar__M3x6_hex_pillar
OK    bearing_block__SCS16UU
OK    extrusion__E4080
OK    batterie__S25R18650
OK    toggle__CK7105
OK    ht_pipe__HT_110_pipe_2000
OK    ht_pipe__HT_90_pipe_500
OK    tubing__HSHRNK32
OK    pillar__M3x13_hex_pillar
OK    ht_pipe__HT_90_pipe_150
OK    pillar__M2x16_brass_pillar
OK    sk_bracket__SK16
OK    axial__DO_35
OK    sheet__MDF22
OK    screw__M3_pan_screw
OK    pcb__RPI3
OK    ht_pipe__HT_40_pipe_1000
OK    extrusion_bracket__E20_corner_bracket
OK    insert__M5x12
OK    sheet__Foam20
OK    nut__M4_weld_nut
OK    pcb__RPI_Pico
OK    screw__No8_screw
OK    bearing_block__SCS6UU
OK    screw__M8_cap_screw
OK    sheet__MDF18
OK    toggle__MS332F_pin
OK    ht_pipe__HT_32_pipe_250
OK    insert__F1BM4
OK    ht_pipe__HT_40_pipe_1500
OK    pulley__GT2x12_pulley
OK    pcb__HW803_1WAY_RELAY
OK    toggle__AP5236
OK    rail__HGH15CA
OK    iec__IEC_fused_inlet2
OK    screw__M3_cs_cap_screw
OK    variac__RAVISTAT1F1
OK    screw__M8_hex_screw
OK    screw__No6_screw
OK    radial__ATX_CM_CHOKE
OK    sheet__CF2
OK    pcb__Duex5
OK    ball_bearing__BB6808
OK    linear_bearing__LM12UU
OK    bearing_block__SCS16LUU
OK    stepper_motor__NEMA17_47
OK    extrusion_bracket__E40_inner_corner_bracket
OK    component__RWM04106R80J
OK    psu__S_300_12
OK    led__LED10mm
OK    insert__M4x10
OK    extrusion__E4040
OK    toggle__MS332F
OK    ht_pipe__HT_50_pipe_250
OK    extrusion_bracket__E40_corner_bracket
OK    component__THS10
FAIL  rail__MGN12C_carriage (see /Users/mohd7/Local/CRAFT/Experimentation/GroundTruth/render_logs/rail__MGN12C_carriage.log)
OK    bldc_motor__BLDC1804
OK    pcb__ArduinoLeonardo
OK    sheet__FoilTape
OK    bldc_motor__BLDC2212
OK    nut__M6_half_nut
OK    linear_bearing__LM8LUU
OK    d_connector__DCONN25
OK    screw__M6_cs_cap_screw
FAIL  radial__LDE10_20B (see /Users/mohd7/Local/CRAFT/Experimentation/GroundTruth/render_logs/radial__LDE10_20B.log)
OK    smd__SOIC16
OK    extrusion__E4040t
FAIL  smd__CAP1210 (see /Users/mohd7/Local/CRAFT/Experimentation/GroundTruth/render_logs/smd__CAP1210.log)
OK    antenna__ESP201_antenna
OK    washer__M5_penny_washer
OK    blower__RB5015
OK    bldc_motor__BLDC1306
FAIL  smd__CAP1206 (see /Users/mohd7/Local/CRAFT/Experimentation/GroundTruth/render_logs/smd__CAP1206.log)
OK    servo_motor__Lichuan_M04030_80ST
OK    sheet__PMMA8
OK    iec__IEC_inlet_atx
FAIL  rail__MGN15C_carriage (see /Users/mohd7/Local/CRAFT/Experimentation/GroundTruth/render_logs/rail__MGN15C_carriage.log)
OK    pillow_block__KP08_18
OK    leadnut__LSN8x8
OK    ball_bearing__BBF625
OK    nut__M2p5_nut
OK    ht_pipe__HT_50_tpipe
OK    axial__DO_41
OK    nut__M3_sliding_t_nut
OK    pcb__ESP_01M
OK    led__LED8mm
OK    blower__BL30x10
OK    pcb__RPI0
OK    pillow_block__KP000
OK    stepper_motor__NEMA14_36
FAIL  radial__BOXC18x10x16 (see /Users/mohd7/Local/CRAFT/Experimentation/GroundTruth/render_logs/radial__BOXC18x10x16.log)
OK    gear_motor__FIT0492_A
OK    hot_end__JHeadMk5
OK    pcb__Keyes5p1
OK    sheet__PMMA1p25
OK    washer__M5_washer
OK    screw__M2_cs_cap_screw
OK    sheet__MDF6
OK    screw__M6_hex_screw
OK    nut__M6nS_thin_nut
OK    ht_pipe__HT_90_pipe_1000
OK    screw__M6_dome_screw
OK    nut__M6_weld_nut
FAIL  rail__MGN5C_carriage (see /Users/mohd7/Local/CRAFT/Experimentation/GroundTruth/render_logs/rail__MGN5C_carriage.log)
OK    box_section__AL12x8x1
OK    pillow_block__KP001
OK    mains_socket__Contactum
OK    ht_pipe__HT_110_cap
OK    extrusion__E2020t
OK    stepper_motor__NEMA17_27
OK    pcb__RAMPSEndstop
OK    ht_pipe__HT_32_cap
OK    pulley__GT2x16_pulley_9
OK    sheet__PMMA10
OK    sheet__Silicone3
OK    screw__M3_low_cap_screw
OK    pcb__Melzi
OK    component__THS50
OK    smd__SOIC8
OK    stepper_motor__NEMA8_30BH
OK    ht_pipe__HT_40_pipe_250
OK    bldc_motor__BLDC2205
OK    led__LEDs
OK    ball_bearing__BBMR63
OK    pcb__BTT_SKR_E3_TURBO
FAIL  radial__ECAP8x11 (see /Users/mohd7/Local/CRAFT/Experimentation/GroundTruth/render_logs/radial__ECAP8x11.log)
OK    washer__M4_penny_washer
OK    ht_pipe__HT_75_pipe_500
FAIL  box_section__CF10x10x1 (see /Users/mohd7/Local/CRAFT/Experimentation/GroundTruth/render_logs/box_section__CF10x10x1.log)
OK    linear_bearing__LM10UU
OK    ht_pipe__HT_75_pipe_150
OK    ht_pipe__HT_125_cap
OK    batterie__A23CELL
FAIL  smd__RES0502 (see /Users/mohd7/Local/CRAFT/Experimentation/GroundTruth/render_logs/smd__RES0502.log)
OK    component__Epcos
OK    blower__PE4020
OK    ssr__SSR10DA
FAIL  smd__LED0603 (see /Users/mohd7/Local/CRAFT/Experimentation/GroundTruth/render_logs/smd__LED0603.log)
OK    smd__TSOT23_8
OK    display__LCD1602AI2C
OK    pcb__TP4056
OK    servo_motor__Lichuan_M03530_80ST
OK    pcb__PERF70x30
OK    batterie__AACELL
OK    pcb__TMC2130
FAIL  smd__CDRH104 (see /Users/mohd7/Local/CRAFT/Experimentation/GroundTruth/render_logs/smd__CDRH104.log)
OK    sheet__CF3
OK    leadnut__SFU1610
OK    ht_pipe__HT_125_pipe_2000
OK    pillow_block__KP08_15
OK    ht_pipe__HT_75_pipe_1000
OK    camera__ESP32_CAM
FAIL  radial__ERZV07D471 (see /Users/mohd7/Local/CRAFT/Experimentation/GroundTruth/render_logs/radial__ERZV07D471.log)
OK    screw__M3_hex_screw
OK    pulley__GT2x16_toothed_idler
OK    linear_bearing__LM4UU
FAIL  smd__DO214AC (see /Users/mohd7/Local/CRAFT/Experimentation/GroundTruth/render_logs/smd__DO214AC.log)
OK    nut__M3_hammer_nut
OK    tubing__PTFE4_6
OK    batterie__LI32700
OK    pcb__PanelDue_v3
OK    screw__No6_cs_screw
OK    display__TFT128x160
OK    ht_pipe__HT_160_cap
OK    insert__M12x30
OK    pcb__OPZ2
OK    pillar__M3x20_nylon_pillar
OK    pcb__LIPO_fuel_gauge
FAIL  rail__HGH20CA_carriage (see /Users/mohd7/Local/CRAFT/Experimentation/GroundTruth/render_logs/rail__HGH20CA_carriage.log)
FAIL  sbr_rail__SBR16S (see /Users/mohd7/Local/CRAFT/Experimentation/GroundTruth/render_logs/sbr_rail__SBR16S.log)
OK    linear_bearing__LM8UU
OK    sheet__Spring08
FAIL  rail__MGN7C_carriage (see /Users/mohd7/Local/CRAFT/Experimentation/GroundTruth/render_logs/rail__MGN7C_carriage.log)
OK    insert__F1BM2
OK    ht_pipe__HT_32_pipe_1500
OK    screw__No4_screw
OK    pcb__ZC_A0591
OK    ht_pipe__HT_32_pipe_500
OK    ht_pipe__HT_32_pipe_150
FAIL  smd__TANT_A (see /Users/mohd7/Local/CRAFT/Experimentation/GroundTruth/render_logs/smd__TANT_A.log)
OK    screw__M4_cs_cap_screw
OK    display__LCD2004A
OK    smd__SOT23
OK    nut__M6_sliding_t_nut
OK    screw__M4_hex_screw
OK    insert__M3x8
OK    bldc_motor__BLDC4250
FAIL  rail__SSR15_carriage (see /Users/mohd7/Local/CRAFT/Experimentation/GroundTruth/render_logs/rail__SSR15_carriage.log)
FAIL  smd__RES1206 (see /Users/mohd7/Local/CRAFT/Experimentation/GroundTruth/render_logs/smd__RES1206.log)
OK    ht_pipe__HT_110_pipe_1500
OK    sheet__Cardboard
OK    d_connector__DCONN15
OK    pulley__GT2x20_toothed_idler
OK    sheet__PMMA2
OK    screw__M4_shoulder_screw
OK    leadnut__LSN8x2
OK    sk_bracket__SK8
OK    iec__IEC_yunpen
OK    screw__M8_dome_screw
OK    ht_pipe__HT_90_pipe_250
FAIL  smd__LED0805 (see /Users/mohd7/Local/CRAFT/Experimentation/GroundTruth/render_logs/smd__LED0805.log)
OK    extrusion__E2080
OK    nut__M8nS_thin_nut
OK    panel_meter__DSN_VC288
FAIL  smd__L2012C (see /Users/mohd7/Local/CRAFT/Experimentation/GroundTruth/render_logs/smd__L2012C.log)
OK    pcb__MELLOW_FLY_D5
OK    pulley__GT2x20_plain_idler
OK    sheet__AL1_6
OK    washer__M6_washer
OK    extrusion_bracket__E20_inner_corner_bracket
OK    nut__M4_wingnut
OK    sheet__Steel06
OK    pcb__WD2002SJ
OK    screw__M6_grub_screw
OK    ball_bearing__BBF623
OK    iec__IEC_fused_inlet
OK    insert__M8x18
OK    tubing__PVC64
OK    ht_pipe__HT_110_pipe_250
OK    ht_pipe__HT_50_pipe_1500
FAIL  radial__BOXC18x5x11 (see /Users/mohd7/Local/CRAFT/Experimentation/GroundTruth/render_logs/radial__BOXC18x5x11.log)
OK    screw__No632_pan_screw
OK    nut__M6_nut
OK    pcb__MP1584EN
OK    washer__M3_penny_washer
OK    bldc_motor__BLDC0802
OK    ht_pipe__HT_125_pipe_150
OK    ht_pipe__HT_125_pipe_500
OK    screw__M5_hex_screw
OK    sheet__PMMA3
OK    screw__M3_shoulder_screw
OK    pcb__PERF74x51
OK    pcb__BTT_RELAY_V1_2
OK    batterie__LI16340
OK    washer__M3_washer
OK    linear_bearing__LM16UUOP
OK    linear_bearing__LM16UU
OK    nut__M5_sliding_t_nut
OK    ht_pipe__HT_75_pipe_2000
OK    pulley__GT2x16x7_plain_idler
OK    ht_pipe__HT_160_pipe_1500
OK    pcb__PI_IO
OK    hot_end__E3Dv6
OK    ht_pipe__HT_125_pipe_1000
OK    bldc_motor__BLDC0603
OK    smd__SOT223
FAIL  rail__HGH15CA_carriage (see /Users/mohd7/Local/CRAFT/Experimentation/GroundTruth/render_logs/rail__HGH15CA_carriage.log)
OK    sk_bracket__SK12
OK    stepper_motor__NEMA17_40
OK    insert__F1BM3
OK    ring_terminal__M3_ringterm_cs
OK    ht_pipe__HT_160_pipe_250
FAIL  radial__IND16x10 (see /Users/mohd7/Local/CRAFT/Experimentation/GroundTruth/render_logs/radial__IND16x10.log)
OK    pulley__GT2x20um_pulley
OK    display__LCD1602A
OK    screw__M5_cs_cap_screw
OK    linear_bearing__LM16LUU
OK    magnet__MAG5x8
OK    pulley__GT2x16_pulley
OK    sheet__Sellotape
OK    ht_pipe__HT_90_pipe_2000
OK    display__SSD1963_4p3
OK    sheet__MDF10
OK    d_connector__DCONN9
OK    washer__M6_penny_washer
OK    rail__MGN7
OK    component__Honewell
OK    pcb__EnviroPlus
OK    tubing__HSHRNK16
OK    sheet__AL6
OK    pcb__Ethernet
FAIL  rail__MGN9C_carriage (see /Users/mohd7/Local/CRAFT/Experimentation/GroundTruth/render_logs/rail__MGN9C_carriage.log)
OK    washer__M3p5_washer
FAIL  smd__CAP0502 (see /Users/mohd7/Local/CRAFT/Experimentation/GroundTruth/render_logs/smd__CAP0502.log)
OK    toggle__CK7101
OK    swiss_clip__UKPFS1008_10
OK    pcb__PERF70x50
OK    screw__M2p5_dome_screw
OK    nut__M4_hammer_nut
OK    linear_bearing__LM6UU
OK    mains_socket__MKLOGIC
OK    insert__CNCKM2p5
OK    linear_bearing__LM3LUU
OK    radial__HC49
OK    batterie__LI4680
OK    stepper_motor__NEMA23_51
OK    blower__BL40x10
OK    rod_end__RE_m5_bearing
OK    hot_end__E3D_clone
OK    pcb__PERF60x40
OK    pcb__PERF70x51
