WARNING: undefined operation (undefined / number) in file axial.scad, line 105
WARNING: log() parameter could not be converted in file ../../../../../Documents/OpenSCAD/libraries/nopscadlib/vitamins/axial.scad, line 111
WARNING: undefined operation (undefined + number) in file axial.scad, line 111
WARNING: floor() parameter could not be converted in file ../../../../../Documents/OpenSCAD/libraries/nopscadlib/vitamins/axial.scad, line 111
WARNING: undefined operation (undefined - number) in file axial.scad, line 112
WARNING: pow() parameter could not be converted in file ../../../../../Documents/OpenSCAD/libraries/nopscadlib/vitamins/axial.scad, line 112
WARNING: undefined operation (undefined / undefined) in file axial.scad, line 112
WARNING: undefined operation (undefined - number) in file axial.scad, line 112
WARNING: pow() parameter could not be converted in file ../../../../../Documents/OpenSCAD/libraries/nopscadlib/vitamins/axial.scad, line 113
WARNING: undefined operation (undefined / undefined) in file axial.scad, line 113
WARNING: undefined operation (undefined + number) in file axial.scad, line 117
WARNING: undefined operation (number + undefined) in file axial.scad, line 36
WARNING: undefined operation (undefined - undefined) in file axial.scad, line 36
WARNING: undefined operation (number - undefined) in file axial.scad, line 38
WARNING: undefined operation (number * undefined) in file axial.scad, line 38
WARNING: undefined operation (undefined - undefined) in file axial.scad, line 38
WARNING: Unable to convert translate([undef, 0, undef]) parameter to a vec3 or vec2 of numbers in file ../../../../../Documents/OpenSCAD/libraries/nopscadlib/vitamins/axial.scad, line 38
WARNING: undefined operation (undefined / number) in file axial.scad, line 46
WARNING: undefined operation (number + undefined) in file axial.scad, line 36
WARNING: undefined operation (undefined - undefined) in file axial.scad, line 36
WARNING: undefined operation (number - undefined) in file axial.scad, line 38
WARNING: undefined operation (number * undefined) in file axial.scad, line 38
WARNING: undefined operation (undefined - undefined) in file axial.scad, line 38
WARNING: Unable to convert translate([undef, 0, undef]) parameter to a vec3 or vec2 of numbers in file ../../../../../Documents/OpenSCAD/libraries/nopscadlib/vitamins/axial.scad, line 38
WARNING: undefined operation (undefined / number) in file axial.scad, line 46
WARNING: Unable to convert translate([0, 0, undef]) parameter to a vec3 or vec2 of numbers in file ../../../../../Documents/OpenSCAD/libraries/nopscadlib/utils/core/global.scad, line 50
WARNING: undefined operation (number * undefined) in file axial.scad, line 54
WARNING: undefined operation (number - undefined) in file axial.scad, line 54
WARNING: Unable to convert translate([0, 0, undef]) parameter to a vec3 or vec2 of numbers in file ../../../../../Documents/OpenSCAD/libraries/nopscadlib/utils/core/global.scad, line 50
WARNING: Unable to convert square(size=[[[0.5, 0.5, 0.5, 0.25], [0.05, 0.05, 0.05]], 0.55], ...) parameter to a number or a vec2 of numbers in file ../../../../../Documents/OpenSCAD/libraries/nopscadlib/vitamins/axial.scad, line 129
WARNING: undefined operation (number - undefined) in file axial.scad, line 133
WARNING: undefined operation (number * undefined) in file axial.scad, line 133
WARNING: undefined operation (undefined / number) in file axial.scad, line 133
WARNING: undefined operation (undefined / number) in file axial.scad, line 133
WARNING: undefined operation (undefined - undefined) in file axial.scad, line 133
WARNING: undefined operation (undefined / number) in file axial.scad, line 134
WARNING: Unable to convert square(size=[undef, undef], ...) parameter to a number or a vec2 of numbers in file ../../../../../Documents/OpenSCAD/libraries/nopscadlib/vitamins/axial.scad, line 134
WARNING: Unable to convert square(size=[undef, 0.6], ...) parameter to a number or a vec2 of numbers in file ../../../../../Documents/OpenSCAD/libraries/nopscadlib/vitamins/axial.scad, line 137
WARNING: undefined operation (number - undefined) in file axial.scad, line 133
WARNING: undefined operation (number * undefined) in file axial.scad, line 133
WARNING: undefined operation (undefined / number) in file axial.scad, line 133
WARNING: undefined operation (undefined / number) in file axial.scad, line 133
WARNING: undefined operation (undefined - undefined) in file axial.scad, line 133
WARNING: undefined operation (undefined / number) in file axial.scad, line 134
WARNING: Unable to convert square(size=[undef, undef], ...) parameter to a number or a vec2 of numbers in file ../../../../../Documents/OpenSCAD/libraries/nopscadlib/vitamins/axial.scad, line 134
WARNING: Unable to convert square(size=[undef, 0.6], ...) parameter to a number or a vec2 of numbers in file ../../../../../Documents/OpenSCAD/libraries/nopscadlib/vitamins/axial.scad, line 137
WARNING: undefined operation (number + undefined) in file axial.scad, line 140
WARNING: Unable to convert square(size=[undef, 1.75], ...) parameter to a number or a vec2 of numbers in file ../../../../../Documents/OpenSCAD/libraries/nopscadlib/vitamins/axial.scad, line 140
WARNING: Unable to convert square(size=[[[0.5, 0.5, 0.5, 0.25], [0.05, 0.05, 0.05]], 0.55], ...) parameter to a number or a vec2 of numbers in file ../../../../../Documents/OpenSCAD/libraries/nopscadlib/vitamins/axial.scad, line 129
WARNING: undefined operation (number - undefined) in file axial.scad, line 133
WARNING: undefined operation (number * undefined) in file axial.scad, line 133
WARNING: undefined operation (undefined / number) in file axial.scad, line 133
WARNING: undefined operation (undefined / number) in file axial.scad, line 133
WARNING: undefined operation (undefined - undefined) in file axial.scad, line 133
WARNING: undefined operation (undefined / number) in file axial.scad, line 134
WARNING: Unable to convert square(size=[undef, undef], ...) parameter to a number or a vec2 of numbers in file ../../../../../Documents/OpenSCAD/libraries/nopscadlib/vitamins/axial.scad, line 134
WARNING: Unable to convert square(size=[undef, 0.6], ...) parameter to a number or a vec2 of numbers in file ../../../../../Documents/OpenSCAD/libraries/nopscadlib/vitamins/axial.scad, line 137
WARNING: undefined operation (number - undefined) in file axial.scad, line 133
WARNING: undefined operation (number * undefined) in file axial.scad, line 133
WARNING: undefined operation (undefined / number) in file axial.scad, line 133
WARNING: undefined operation (undefined / number) in file axial.scad, line 133
WARNING: undefined operation (undefined - undefined) in file axial.scad, line 133
WARNING: undefined operation (undefined / number) in file axial.scad, line 134
WARNING: Unable to convert square(size=[undef, undef], ...) parameter to a number or a vec2 of numbers in file ../../../../../Documents/OpenSCAD/libraries/nopscadlib/vitamins/axial.scad, line 134
WARNING: Unable to convert square(size=[undef, 0.6], ...) parameter to a number or a vec2 of numbers in file ../../../../../Documents/OpenSCAD/libraries/nopscadlib/vitamins/axial.scad, line 137
WARNING: undefined operation (number + undefined) in file axial.scad, line 140
WARNING: Unable to convert square(size=[undef, 1.75], ...) parameter to a number or a vec2 of numbers in file ../../../../../Documents/OpenSCAD/libraries/nopscadlib/vitamins/axial.scad, line 140
WARNING: undefined operation (undefined / number) in file axial.scad, line 158
WARNING: undefined operation (number - undefined) in file axial.scad, line 158
WARNING: undefined operation (number - undefined) in file axial.scad, line 158
WARNING: undefined operation (number * undefined) in file axial.scad, line 158
WARNING: undefined operation (undefined / number) in file axial.scad, line 158
WARNING: undefined operation (undefined - undefined) in file axial.scad, line 158
WARNING: undefined operation (undefined + number) in file axial.scad, line 159
WARNING: undefined operation (number - undefined) in file axial.scad, line 159
WARNING: undefined operation (undefined / number) in file axial.scad, line 159
WARNING: undefined operation (undefined / number) in file axial.scad, line 159
WARNING: Unable to convert square(size=[undef, undef], ...) parameter to a number or a vec2 of numbers in file ../../../../../Documents/OpenSCAD/libraries/nopscadlib/vitamins/axial.scad, line 159
WARNING: Unable to convert square(size=[[[0.5, 0.5, 0.5, 0.25], [0.05, 0.05, 0.05]], 0.55], ...) parameter to a number or a vec2 of numbers in file ../../../../../Documents/OpenSCAD/libraries/nopscadlib/vitamins/axial.scad, line 129
WARNING: undefined operation (number - undefined) in file axial.scad, line 133
WARNING: undefined operation (number * undefined) in file axial.scad, line 133
WARNING: undefined operation (undefined / number) in file axial.scad, line 133
WARNING: undefined operation (undefined / number) in file axial.scad, line 133
WARNING: undefined operation (undefined - undefined) in file axial.scad, line 133
WARNING: undefined operation (undefined / number) in file axial.scad, line 134
WARNING: Unable to convert square(size=[undef, undef], ...) parameter to a number or a vec2 of numbers in file ../../../../../Documents/OpenSCAD/libraries/nopscadlib/vitamins/axial.scad, line 134
WARNING: Unable to convert square(size=[undef, 0.6], ...) parameter to a number or a vec2 of numbers in file ../../../../../Documents/OpenSCAD/libraries/nopscadlib/vitamins/axial.scad, line 137
WARNING: undefined operation (number - undefined) in file axial.scad, line 133
WARNING: undefined operation (number * undefined) in file axial.scad, line 133
WARNING: undefined operation (undefined / number) in file axial.scad, line 133
WARNING: undefined operation (undefined / number) in file axial.scad, line 133
WARNING: undefined operation (undefined - undefined) in file axial.scad, line 133
WARNING: undefined operation (undefined / number) in file axial.scad, line 134
WARNING: Unable to convert square(size=[undef, undef], ...) parameter to a number or a vec2 of numbers in file ../../../../../Documents/OpenSCAD/libraries/nopscadlib/vitamins/axial.scad, line 134
WARNING: Unable to convert square(size=[undef, 0.6], ...) parameter to a number or a vec2 of numbers in file ../../../../../Documents/OpenSCAD/libraries/nopscadlib/vitamins/axial.scad, line 137
WARNING: undefined operation (number + undefined) in file axial.scad, line 140
WARNING: Unable to convert square(size=[undef, 1.75], ...) parameter to a number or a vec2 of numbers in file ../../../../../Documents/OpenSCAD/libraries/nopscadlib/vitamins/axial.scad, line 140
WARNING: undefined operation (undefined / number) in file axial.scad, line 158
WARNING: undefined operation (number - undefined) in file axial.scad, line 158
WARNING: undefined operation (number - undefined) in file axial.scad, line 158
WARNING: undefined operation (number * undefined) in file axial.scad, line 158
WARNING: undefined operation (undefined / number) in file axial.scad, line 158
WARNING: undefined operation (undefined - undefined) in file axial.scad, line 158
WARNING: undefined operation (undefined + number) in file axial.scad, line 159
WARNING: undefined operation (number - undefined) in file axial.scad, line 159
WARNING: undefined operation (undefined / number) in file axial.scad, line 159
WARNING: undefined operation (undefined / number) in file axial.scad, line 159
WARNING: Unable to convert square(size=[undef, undef], ...) parameter to a number or a vec2 of numbers in file ../../../../../Documents/OpenSCAD/libraries/nopscadlib/vitamins/axial.scad, line 159
WARNING: Unable to convert square(size=[[[0.5, 0.5, 0.5, 0.25], [0.05, 0.05, 0.05]], 0.55], ...) parameter to a number or a vec2 of numbers in file ../../../../../Documents/OpenSCAD/libraries/nopscadlib/vitamins/axial.scad, line 129
WARNING: undefined operation (number - undefined) in file axial.scad, line 133
WARNING: undefined operation (number * undefined) in file axial.scad, line 133
WARNING: undefined operation (undefined / number) in file axial.scad, line 133
WARNING: undefined operation (undefined / number) in file axial.scad, line 133
WARNING: undefined operation (undefined - undefined) in file axial.scad, line 133
WARNING: undefined operation (undefined / number) in file axial.scad, line 134
WARNING: Unable to convert square(size=[undef, undef], ...) parameter to a number or a vec2 of numbers in file ../../../../../Documents/OpenSCAD/libraries/nopscadlib/vitamins/axial.scad, line 134
WARNING: Unable to convert square(size=[undef, 0.6], ...) parameter to a number or a vec2 of numbers in file ../../../../../Documents/OpenSCAD/libraries/nopscadlib/vitamins/axial.scad, line 137
WARNING: undefined operation (number - undefined) in file axial.scad, line 133
WARNING: undefined operation (number * undefined) in file axial.scad, line 133
WARNING: undefined operation (undefined / number) in file axial.scad, line 133
WARNING: undefined operation (undefined / number) in file axial.scad, line 133
WARNING: undefined operation (undefined - undefined) in file axial.scad, line 133
WARNING: undefined operation (undefined / number) in file axial.scad, line 134
WARNING: Unable to convert square(size=[undef, undef], ...) parameter to a number or a vec2 of numbers in file ../../../../../Documents/OpenSCAD/libraries/nopscadlib/vitamins/axial.scad, line 134
WARNING: Unable to convert square(size=[undef, 0.6], ...) parameter to a number or a vec2 of numbers in file ../../../../../Documents/OpenSCAD/libraries/nopscadlib/vitamins/axial.scad, line 137
WARNING: undefined operation (number + undefined) in file axial.scad, line 140
WARNING: Unable to convert square(size=[undef, 1.75], ...) parameter to a number or a vec2 of numbers in file ../../../../../Documents/OpenSCAD/libraries/nopscadlib/vitamins/axial.scad, line 140
WARNING: undefined operation (undefined / number) in file axial.scad, line 158
WARNING: undefined operation (number - undefined) in file axial.scad, line 158
WARNING: undefined operation (number - undefined) in file axial.scad, line 158
WARNING: undefined operation (number * undefined) in file axial.scad, line 158
WARNING: undefined operation (undefined / number) in file axial.scad, line 158
WARNING: undefined operation (undefined - undefined) in file axial.scad, line 158
WARNING: undefined operation (undefined + number) in file axial.scad, line 159
WARNING: undefined operation (number - undefined) in file axial.scad, line 159
WARNING: undefined operation (undefined / number) in file axial.scad, line 159
WARNING: undefined operation (undefined / number) in file axial.scad, line 159
WARNING: Unable to convert square(size=[undef, undef], ...) parameter to a number or a vec2 of numbers in file ../../../../../Documents/OpenSCAD/libraries/nopscadlib/vitamins/axial.scad, line 159
WARNING: Unable to convert square(size=[[[0.5, 0.5, 0.5, 0.25], [0.05, 0.05, 0.05]], 0.55], ...) parameter to a number or a vec2 of numbers in file ../../../../../Documents/OpenSCAD/libraries/nopscadlib/vitamins/axial.scad, line 129
WARNING: undefined operation (number - undefined) in file axial.scad, line 133
WARNING: undefined operation (number * undefined) in file axial.scad, line 133
WARNING: undefined operation (undefined / number) in file axial.scad, line 133
WARNING: undefined operation (undefined / number) in file axial.scad, line 133
WARNING: undefined operation (undefined - undefined) in file axial.scad, line 133
WARNING: undefined operation (undefined / number) in file axial.scad, line 134
WARNING: Unable to convert square(size=[undef, undef], ...) parameter to a number or a vec2 of numbers in file ../../../../../Documents/OpenSCAD/libraries/nopscadlib/vitamins/axial.scad, line 134
WARNING: Unable to convert square(size=[undef, 0.6], ...) parameter to a number or a vec2 of numbers in file ../../../../../Documents/OpenSCAD/libraries/nopscadlib/vitamins/axial.scad, line 137
WARNING: undefined operation (number - undefined) in file axial.scad, line 133
WARNING: undefined operation (number * undefined) in file axial.scad, line 133
WARNING: undefined operation (undefined / number) in file axial.scad, line 133
WARNING: undefined operation (undefined / number) in file axial.scad, line 133
WARNING: undefined operation (undefined - undefined) in file axial.scad, line 133
WARNING: undefined operation (undefined / number) in file axial.scad, line 134
WARNING: Unable to convert square(size=[undef, undef], ...) parameter to a number or a vec2 of numbers in file ../../../../../Documents/OpenSCAD/libraries/nopscadlib/vitamins/axial.scad, line 134
WARNING: Unable to convert square(size=[undef, 0.6], ...) parameter to a number or a vec2 of numbers in file ../../../../../Documents/OpenSCAD/libraries/nopscadlib/vitamins/axial.scad, line 137
WARNING: undefined operation (number + undefined) in file axial.scad, line 140
WARNING: Unable to convert square(size=[undef, 1.75], ...) parameter to a number or a vec2 of numbers in file ../../../../../Documents/OpenSCAD/libraries/nopscadlib/vitamins/axial.scad, line 140
WARNING: undefined operation (undefined / number) in file axial.scad, line 158
WARNING: undefined operation (number - undefined) in file axial.scad, line 158
WARNING: undefined operation (number - undefined) in file axial.scad, line 158
WARNING: undefined operation (number * undefined) in file axial.scad, line 158
WARNING: undefined operation (undefined / number) in file axial.scad, line 158
WARNING: undefined operation (undefined - undefined) in file axial.scad, line 158
WARNING: undefined operation (undefined + number) in file axial.scad, line 159
WARNING: undefined operation (number - undefined) in file axial.scad, line 159
WARNING: undefined operation (undefined / number) in file axial.scad, line 159
WARNING: undefined operation (undefined / number) in file axial.scad, line 159
WARNING: Unable to convert square(size=[undef, undef], ...) parameter to a number or a vec2 of numbers in file ../../../../../Documents/OpenSCAD/libraries/nopscadlib/vitamins/axial.scad, line 159
WARNING: Unable to convert square(size=[[[0.5, 0.5, 0.5, 0.25], [0.05, 0.05, 0.05]], 0.55], ...) parameter to a number or a vec2 of numbers in file ../../../../../Documents/OpenSCAD/libraries/nopscadlib/vitamins/axial.scad, line 129
WARNING: undefined operation (number - undefined) in file axial.scad, line 133
WARNING: undefined operation (number * undefined) in file axial.scad, line 133
WARNING: undefined operation (undefined / number) in file axial.scad, line 133
WARNING: undefined operation (undefined / number) in file axial.scad, line 133
WARNING: undefined operation (undefined - undefined) in file axial.scad, line 133
WARNING: undefined operation (undefined / number) in file axial.scad, line 134
WARNING: Unable to convert square(size=[undef, undef], ...) parameter to a number or a vec2 of numbers in file ../../../../../Documents/OpenSCAD/libraries/nopscadlib/vitamins/axial.scad, line 134
WARNING: Unable to convert square(size=[undef, 0.6], ...) parameter to a number or a vec2 of numbers in file ../../../../../Documents/OpenSCAD/libraries/nopscadlib/vitamins/axial.scad, line 137
WARNING: undefined operation (number - undefined) in file axial.scad, line 133
WARNING: undefined operation (number * undefined) in file axial.scad, line 133
WARNING: undefined operation (undefined / number) in file axial.scad, line 133
WARNING: undefined operation (undefined / number) in file axial.scad, line 133
WARNING: undefined operation (undefined - undefined) in file axial.scad, line 133
WARNING: undefined operation (undefined / number) in file axial.scad, line 134
WARNING: Unable to convert square(size=[undef, undef], ...) parameter to a number or a vec2 of numbers in file ../../../../../Documents/OpenSCAD/libraries/nopscadlib/vitamins/axial.scad, line 134
WARNING: Unable to convert square(size=[undef, 0.6], ...) parameter to a number or a vec2 of numbers in file ../../../../../Documents/OpenSCAD/libraries/nopscadlib/vitamins/axial.scad, line 137
WARNING: undefined operation (number + undefined) in file axial.scad, line 140
WARNING: Unable to convert square(size=[undef, 1.75], ...) parameter to a number or a vec2 of numbers in file ../../../../../Documents/OpenSCAD/libraries/nopscadlib/vitamins/axial.scad, line 140
WARNING: undefined operation (undefined / number) in file axial.scad, line 158
WARNING: undefined operation (number - undefined) in file axial.scad, line 158
WARNING: undefined operation (number - undefined) in file axial.scad, line 158
WARNING: undefined operation (number * undefined) in file axial.scad, line 158
WARNING: undefined operation (undefined / number) in file axial.scad, line 158
WARNING: undefined operation (undefined - undefined) in file axial.scad, line 158
WARNING: undefined operation (undefined + number) in file axial.scad, line 159
WARNING: undefined operation (number - undefined) in file axial.scad, line 159
WARNING: undefined operation (undefined / number) in file axial.scad, line 159
WARNING: undefined operation (undefined / number) in file axial.scad, line 159
WARNING: Unable to convert square(size=[undef, undef], ...) parameter to a number or a vec2 of numbers in file ../../../../../Documents/OpenSCAD/libraries/nopscadlib/vitamins/axial.scad, line 159
WARNING: Unable to convert square(size=[[[0.5, 0.5, 0.5, 0.25], [0.05, 0.05, 0.05]], 0.55], ...) parameter to a number or a vec2 of numbers in file ../../../../../Documents/OpenSCAD/libraries/nopscadlib/vitamins/axial.scad, line 129
WARNING: undefined operation (number - undefined) in file axial.scad, line 133
WARNING: undefined operation (number * undefined) in file axial.scad, line 133
WARNING: undefined operation (undefined / number) in file axial.scad, line 133
WARNING: undefined operation (undefined / number) in file axial.scad, line 133
WARNING: undefined operation (undefined - undefined) in file axial.scad, line 133
WARNING: undefined operation (undefined / number) in file axial.scad, line 134
WARNING: Unable to convert square(size=[undef, undef], ...) parameter to a number or a vec2 of numbers in file ../../../../../Documents/OpenSCAD/libraries/nopscadlib/vitamins/axial.scad, line 134
WARNING: Unable to convert square(size=[undef, 0.6], ...) parameter to a number or a vec2 of numbers in file ../../../../../Documents/OpenSCAD/libraries/nopscadlib/vitamins/axial.scad, line 137
WARNING: undefined operation (number - undefined) in file axial.scad, line 133
WARNING: undefined operation (number * undefined) in file axial.scad, line 133
WARNING: undefined operation (undefined / number) in file axial.scad, line 133
WARNING: undefined operation (undefined / number) in file axial.scad, line 133
WARNING: undefined operation (undefined - undefined) in file axial.scad, line 133
WARNING: undefined operation (undefined / number) in file axial.scad, line 134
WARNING: Unable to convert square(size=[undef, undef], ...) parameter to a number or a vec2 of numbers in file ../../../../../Documents/OpenSCAD/libraries/nopscadlib/vitamins/axial.scad, line 134
WARNING: Unable to convert square(size=[undef, 0.6], ...) parameter to a number or a vec2 of numbers in file ../../../../../Documents/OpenSCAD/libraries/nopscadlib/vitamins/axial.scad, line 137
WARNING: undefined operation (number + undefined) in file axial.scad, line 140
WARNING: Unable to convert square(size=[undef, 1.75], ...) parameter to a number or a vec2 of numbers in file ../../../../../Documents/OpenSCAD/libraries/nopscadlib/vitamins/axial.scad, line 140
WARNING: undefined operation (undefined / number) in file axial.scad, line 158
WARNING: undefined operation (number - undefined) in file axial.scad, line 158
WARNING: undefined operation (number - undefined) in file axial.scad, line 158
WARNING: undefined operation (number * undefined) in file axial.scad, line 158
WARNING: undefined operation (undefined / number) in file axial.scad, line 158
WARNING: undefined operation (undefined - undefined) in file axial.scad, line 158
WARNING: undefined operation (undefined + number) in file axial.scad, line 159
WARNING: undefined operation (number - undefined) in file axial.scad, line 159
WARNING: undefined operation (undefined / number) in file axial.scad, line 159
WARNING: undefined operation (undefined / number) in file axial.scad, line 159
WARNING: Unable to convert square(size=[undef, undef], ...) parameter to a number or a vec2 of numbers in file ../../../../../Documents/OpenSCAD/libraries/nopscadlib/vitamins/axial.scad, line 159
WARNING: Unable to convert square(size=[[[0.5, 0.5, 0.5, 0.25], [0.05, 0.05, 0.05]], 0.55], ...) parameter to a number or a vec2 of numbers in file ../../../../../Documents/OpenSCAD/libraries/nopscadlib/vitamins/axial.scad, line 129
WARNING: undefined operation (number - undefined) in file axial.scad, line 133
WARNING: undefined operation (number * undefined) in file axial.scad, line 133
WARNING: undefined operation (undefined / number) in file axial.scad, line 133
WARNING: undefined operation (undefined / number) in file axial.scad, line 133
WARNING: undefined operation (undefined - undefined) in file axial.scad, line 133
WARNING: undefined operation (undefined / number) in file axial.scad, line 134
WARNING: Unable to convert square(size=[undef, undef], ...) parameter to a number or a vec2 of numbers in file ../../../../../Documents/OpenSCAD/libraries/nopscadlib/vitamins/axial.scad, line 134
WARNING: Unable to convert square(size=[undef, 0.6], ...) parameter to a number or a vec2 of numbers in file ../../../../../Documents/OpenSCAD/libraries/nopscadlib/vitamins/axial.scad, line 137
WARNING: undefined operation (number - undefined) in file axial.scad, line 133
WARNING: undefined operation (number * undefined) in file axial.scad, line 133
WARNING: undefined operation (undefined / number) in file axial.scad, line 133
WARNING: undefined operation (undefined / number) in file axial.scad, line 133
WARNING: undefined operation (undefined - undefined) in file axial.scad, line 133
WARNING: undefined operation (undefined / number) in file axial.scad, line 134
WARNING: Unable to convert square(size=[undef, undef], ...) parameter to a number or a vec2 of numbers in file ../../../../../Documents/OpenSCAD/libraries/nopscadlib/vitamins/axial.scad, line 134
WARNING: Unable to convert square(size=[undef, 0.6], ...) parameter to a number or a vec2 of numbers in file ../../../../../Documents/OpenSCAD/libraries/nopscadlib/vitamins/axial.scad, line 137
WARNING: undefined operation (number + undefined) in file axial.scad, line 140
WARNING: Unable to convert square(size=[undef, 1.75], ...) parameter to a number or a vec2 of numbers in file ../../../../../Documents/OpenSCAD/libraries/nopscadlib/vitamins/axial.scad, line 140
WARNING: undefined operation (undefined / number) in file axial.scad, line 158
WARNING: undefined operation (number - undefined) in file axial.scad, line 158
WARNING: undefined operation (number - undefined) in file axial.scad, line 158
WARNING: undefined operation (number * undefined) in file axial.scad, line 158
WARNING: undefined operation (undefined / number) in file axial.scad, line 158
WARNING: undefined operation (undefined - undefined) in file axial.scad, line 158
WARNING: undefined operation (undefined + number) in file axial.scad, line 159
WARNING: undefined operation (number - undefined) in file axial.scad, line 159
WARNING: undefined operation (undefined / number) in file axial.scad, line 159
WARNING: undefined operation (undefined / number) in file axial.scad, line 159
WARNING: Unable to convert square(size=[undef, undef], ...) parameter to a number or a vec2 of numbers in file ../../../../../Documents/OpenSCAD/libraries/nopscadlib/vitamins/axial.scad, line 159
ERROR: all points for rotate_extrude() must have the same X coordinate sign (range is -0.20 -> 1.00)
ERROR: all points for rotate_extrude() must have the same X coordinate sign (range is -0.20 -> 1.00)
Geometries in cache: 40
Geometry cache size in bytes: 171592
CGAL Polyhedrons in cache: 8
CGAL cache size in bytes: 3923648
Total rendering time: 0:00:02.688
   Top level object is a 3D object:
   Simple:        yes
   Vertices:      565
   Halfedges:    2016
   Edges:        1008
   Halffacets:    902
   Facets:        451
   Volumes:         4
