WARNING: undefined operation (undefined * number) in file global.scad, line 38
WARNING: undefined operation (undefined * number) in file global.scad, line 38
WARNING: undefined operation (undefined / number) in file global.scad, line 38
WARNING: min() parameter could not be converted in file ../../../../../Documents/OpenSCAD/libraries/nopscadlib/utils/core/global.scad, line 38
WARNING: max() parameter could not be converted in file ../../../../../Documents/OpenSCAD/libraries/nopscadlib/utils/core/global.scad, line 38
WARNING: ceil() parameter could not be converted in file ../../../../../Documents/OpenSCAD/libraries/nopscadlib/utils/core/global.scad, line 38
WARNING: undefined operation (undefined + number) in file global.scad, line 39
WARNING: undefined operation (undefined / number) in file global.scad, line 39
WARNING: floor() parameter could not be converted in file ../../../../../Documents/OpenSCAD/libraries/nopscadlib/utils/core/global.scad, line 39
WARNING: undefined operation (undefined * number) in file global.scad, line 39
WARNING: min() parameter could not be converted in file ../../../../../Documents/OpenSCAD/libraries/nopscadlib/utils/core/rounded_rectangle.scad, line 25
WARNING: undefined operation (undefined / number) in file rounded_rectangle.scad, line 25
WARNING: operation undefined (undefined < undefined) in file rounded_rectangle.scad, line 25
ERROR: Assertion '(r < (min(size.x, size.y) / 2))' failed in file rounded_rectangle.scad, line 25
TRACE: called by 'assert' in file rounded_rectangle.scad, line 25
TRACE: called by 'rounded_square' in file pcb.scad, line 1336
TRACE: called by 'if' in file pcb.scad, line 1333
TRACE: called by 'pcb_shape' in file pcb.scad, line 1347
TRACE: called by 'difference' in file pcb.scad, line 1346
TRACE: called by 'linear_extrude' in file pcb.scad, line 1345
TRACE: called by 'color' in file pcb.scad, line 1344
TRACE: called by 'pcb' in file camera.scad, line 69
TRACE: called by 'children' in file bom.scad, line 218
TRACE: called by 'let' in file bom.scad, line 217
TRACE: called by 'not_on_bom' in file camera.scad, line 68
TRACE: called by 'camera' in file camera__ESP32_CAM_pcb.scad, line 8
Geometries in cache: 1
Geometry cache size in bytes: 0
CGAL Polyhedrons in cache: 0
CGAL cache size in bytes: 0
Total rendering time: 0:00:00.000
Current top level object is empty.
