WARNING: Unable to convert translate([0, 0, undef]) parameter to a vec3 or vec2 of numbers in file ../../../../../Documents/OpenSCAD/libraries/nopscadlib/utils/core/global.scad, line 50
WARNING: Unable to convert translate([undef, undef, -0.0078125]) parameter to a vec3 or vec2 of numbers in file ../../../../../Documents/OpenSCAD/libraries/nopscadlib/vitamins/display.scad, line 88
WARNING: undefined operation (undefined - undefined) in file display.scad, line 89
WARNING: undefined operation (undefined - undefined) in file display.scad, line 89
WARNING: Unable to convert cube(size=[undef, undef, undef], ...) parameter to a number or a vec3 of numbers in file ../../../../../Documents/OpenSCAD/libraries/nopscadlib/vitamins/display.scad, line 89
WARNING: undefined operation (vector + number) in file display.scad, line 97
WARNING: Unable to convert translate(undef) parameter to a vec3 or vec2 of numbers in file ../../../../../Documents/OpenSCAD/libraries/nopscadlib/vitamins/display.scad, line 97
WARNING: undefined operation (undefined * number) in file global.scad, line 38
WARNING: undefined operation (undefined * number) in file global.scad, line 38
WARNING: undefined operation (undefined / number) in file global.scad, line 38
WARNING: min() parameter could not be converted in file ../../../../../Documents/OpenSCAD/libraries/nopscadlib/utils/core/global.scad, line 38
WARNING: max() parameter could not be converted in file ../../../../../Documents/OpenSCAD/libraries/nopscadlib/utils/core/global.scad, line 38
WARNING: ceil() parameter could not be converted in file ../../../../../Documents/OpenSCAD/libraries/nopscadlib/utils/core/global.scad, line 38
WARNING: undefined operation (undefined + number) in file global.scad, line 39
WARNING: undefined operation (undefined / number) in file global.scad, line 39
WARNING: floor() parameter could not be converted in file ../../../../../Documents/OpenSCAD/libraries/nopscadlib/utils/core/global.scad, line 39
WARNING: undefined operation (undefined * number) in file global.scad, line 39
WARNING: min() parameter could not be converted in file ../../../../../Documents/OpenSCAD/libraries/nopscadlib/utils/core/rounded_rectangle.scad, line 25
WARNING: undefined operation (undefined / number) in file rounded_rectangle.scad, line 25
WARNING: operation undefined (undefined < undefined) in file rounded_rectangle.scad, line 25
ERROR: Assertion '(r < (min(size.x, size.y) / 2))' failed in file rounded_rectangle.scad, line 25
TRACE: called by 'assert' in file rounded_rectangle.scad, line 25
TRACE: called by 'rounded_square' in file pcb.scad, line 1336
TRACE: called by 'if' in file pcb.scad, line 1333
TRACE: called by 'pcb_shape' in file pcb.scad, line 1347
TRACE: called by 'difference' in file pcb.scad, line 1346
TRACE: called by 'linear_extrude' in file pcb.scad, line 1345
TRACE: called by 'color' in file pcb.scad, line 1344
TRACE: called by 'pcb' in file display.scad, line 98
TRACE: called by 'translate' in file display.scad, line 97
TRACE: called by 'children' in file global.scad, line 50
TRACE: called by 'translate' in file global.scad, line 50
TRACE: called by 'translate_z' in file display.scad, line 82
Geometries in cache: 1
Geometry cache size in bytes: 0
CGAL Polyhedrons in cache: 0
CGAL cache size in bytes: 0
Total rendering time: 0:00:00.000
Current top level object is empty.
