WARNING: undefined operation (undefined / number) in file screws.scad, line 140
WARNING: undefined operation (undefined / number) in file screws.scad, line 140
WARNING: undefined operation (undefined / number) in file screws.scad, line 140
WARNING: undefined operation (undefined / number) in file screws.scad, line 140
WARNING: undefined operation (undefined / number) in file screws.scad, line 140
WARNING: undefined operation (vector + number) in file extrusion_bracket.scad, line 109
WARNING: undefined operation (vector - number) in file extrusion_bracket.scad, line 112
WARNING: undefined operation (vector + number) in file extrusion_bracket.scad, line 109
WARNING: undefined operation (vector - number) in file extrusion_bracket.scad, line 112
WARNING: undefined operation (number - vector) in file extrusion_bracket.scad, line 127
WARNING: Unable to convert cube(size=[5, 26, ["E2020t", 20, 20, -5, 0, 7.8, 6.2, 11, 1.8, 1.5, 1.5, [7.2, 0.5]]], ...) parameter to a number or a vec3 of numbers in file ../../../../../Documents/OpenSCAD/libraries/nopscadlib/vitamins/extrusion_bracket.scad, line 130
WARNING: Unable to convert cube(size=[26, 5, ["E2020t", 20, 20, -5, 0, 7.8, 6.2, 11, 1.8, 1.5, 1.5, [7.2, 0.5]]], ...) parameter to a number or a vec3 of numbers in file ../../../../../Documents/OpenSCAD/libraries/nopscadlib/vitamins/extrusion_bracket.scad, line 131
WARNING: Unable to convert translate([0, 0, undef]) parameter to a vec3 or vec2 of numbers in file ../../../../../Documents/OpenSCAD/libraries/nopscadlib/utils/core/global.scad, line 50
WARNING: Unable to convert cube(size=[5, 26, ["E2020t", 20, 20, -5, 0, 7.8, 6.2, 11, 1.8, 1.5, 1.5, [7.2, 0.5]]], ...) parameter to a number or a vec3 of numbers in file ../../../../../Documents/OpenSCAD/libraries/nopscadlib/vitamins/extrusion_bracket.scad, line 130
WARNING: Unable to convert cube(size=[26, 5, ["E2020t", 20, 20, -5, 0, 7.8, 6.2, 11, 1.8, 1.5, 1.5, [7.2, 0.5]]], ...) parameter to a number or a vec3 of numbers in file ../../../../../Documents/OpenSCAD/libraries/nopscadlib/vitamins/extrusion_bracket.scad, line 131
Geometries in cache: 15
Geometry cache size in bytes: 25816
CGAL Polyhedrons in cache: 5
CGAL cache size in bytes: 233288
Total rendering time: 0:00:00.720
   Top level object is a 3D object:
   Simple:        yes
   Vertices:       89
   Halfedges:     276
   Edges:         138
   Halffacets:    102
   Facets:         51
   Volumes:         2
