WARNING: undefined operation (undefined / number) in file screws.scad, line 140
WARNING: undefined operation (undefined / number) in file screws.scad, line 140
WARNING: undefined operation (undefined / number) in file screws.scad, line 140
WARNING: undefined operation (undefined / number) in file screws.scad, line 140
WARNING: undefined operation (undefined / number) in file screws.scad, line 140
WARNING: undefined operation (vector + number) in file extrusion_bracket.scad, line 109
WARNING: undefined operation (vector - number) in file extrusion_bracket.scad, line 112
WARNING: undefined operation (vector + number) in file extrusion_bracket.scad, line 109
WARNING: undefined operation (vector - number) in file extrusion_bracket.scad, line 112
WARNING: undefined operation (number - vector) in file extrusion_bracket.scad, line 127
WARNING: Unable to convert cube(size=[5, 38, ["E4040t", 40, 40, -10, 6.8, -16, 10, 20, 4, 2.4, 1.5, [12, 1]]], ...) parameter to a number or a vec3 of numbers in file ../../../../../Documents/OpenSCAD/libraries/nopscadlib/vitamins/extrusion_bracket.scad, line 130
WARNING: Unable to convert cube(size=[38, 5, ["E4040t", 40, 40, -10, 6.8, -16, 10, 20, 4, 2.4, 1.5, [12, 1]]], ...) parameter to a number or a vec3 of numbers in file ../../../../../Documents/OpenSCAD/libraries/nopscadlib/vitamins/extrusion_bracket.scad, line 131
WARNING: Unable to convert translate([0, 0, undef]) parameter to a vec3 or vec2 of numbers in file ../../../../../Documents/OpenSCAD/libraries/nopscadlib/utils/core/global.scad, line 50
WARNING: Unable to convert cube(size=[5, 38, ["E4040t", 40, 40, -10, 6.8, -16, 10, 20, 4, 2.4, 1.5, [12, 1]]], ...) parameter to a number or a vec3 of numbers in file ../../../../../Documents/OpenSCAD/libraries/nopscadlib/vitamins/extrusion_bracket.scad, line 130
WARNING: Unable to convert cube(size=[38, 5, ["E4040t", 40, 40, -10, 6.8, -16, 10, 20, 4, 2.4, 1.5, [12, 1]]], ...) parameter to a number or a vec3 of numbers in file ../../../../../Documents/OpenSCAD/libraries/nopscadlib/vitamins/extrusion_bracket.scad, line 131
Geometries in cache: 15
Geometry cache size in bytes: 25816
CGAL Polyhedrons in cache: 5
CGAL cache size in bytes: 217280
Total rendering time: 0:00:00.742
   Top level object is a 3D object:
   Simple:        yes
   Vertices:       78
   Halfedges:     240
   Edges:         120
   Halffacets:     88
   Facets:         44
   Volumes:         2
