WARNING: Ignoring unknown variable 'leds' in file ../../../../../Documents/OpenSCAD/libraries/nopscadlib/vitamins/light_strip.scad, line 51
WARNING: undefined operation (undefined / number) in file light_strip.scad, line 51
WARNING: undefined operation (number * undefined) in file light_strip.scad, line 47
WARNING: undefined operation (undefined * number) in file light_strip.scad, line 47
WARNING: undefined operation (undefined / number) in file light_strip.scad, line 47
WARNING: ceil() parameter could not be converted in file ../../../../../Documents/OpenSCAD/libraries/nopscadlib/vitamins/light_strip.scad, line 47
WARNING: undefined operation (number * undefined) in file light_strip.scad, line 54
WARNING: Unable to convert cube(size=[undef, 12.6, 1.2], ...) parameter to a number or a vec3 of numbers in file ../../../../../Documents/OpenSCAD/libraries/nopscadlib/vitamins/light_strip.scad, line 98
WARNING: undefined operation (undefined - number) in file light_strip.scad, line 71
WARNING: undefined operation (undefined - number) in file light_strip.scad, line 71
WARNING: undefined operation (undefined - number) in file light_strip.scad, line 71
WARNING: undefined operation (undefined - number) in file light_strip.scad, line 120
WARNING: undefined operation (undefined - number) in file light_strip.scad, line 76
WARNING: undefined operation (undefined - number) in file light_strip.scad, line 76
WARNING: undefined operation (undefined - number) in file light_strip.scad, line 76
WARNING: undefined operation (undefined - number) in file light_strip.scad, line 76
Geometries in cache: 9
Geometry cache size in bytes: 21216
CGAL Polyhedrons in cache: 1
CGAL cache size in bytes: 70976
Total rendering time: 0:00:00.049
   Top level object is a 3D object:
   Simple:        yes
   Vertices:       52
   Halfedges:     156
   Edges:          78
   Halffacets:     60
   Facets:         30
   Volumes:         3
