WARNING: undefined operation (undefined - undefined) in file panel_meter.scad, line 74
WARNING: Unable to convert cube(size=[undef, undef, 0.0234375], ...) parameter to a number or a vec3 of numbers in file ../../../../../Documents/OpenSCAD/libraries/nopscadlib/vitamins/panel_meter.scad, line 83
WARNING: undefined operation (undefined / number) in file panel_meter.scad, line 86
WARNING: undefined operation (undefined - number) in file panel_meter.scad, line 86
WARNING: undefined operation (number * undefined) in file panel_meter.scad, line 86
WARNING: undefined operation (undefined / number) in file panel_meter.scad, line 86
WARNING: undefined operation (undefined - number) in file panel_meter.scad, line 86
WARNING: undefined operation (number * undefined) in file panel_meter.scad, line 86
WARNING: Unable to convert square(size=[0.0078125, undef], ...) parameter to a number or a vec2 of numbers in file ../../../../../Documents/OpenSCAD/libraries/nopscadlib/utils/rounded_cylinder.scad, line 30
WARNING: undefined operation (undefined - number) in file rounded_cylinder.scad, line 34
WARNING: undefined operation (undefined / number) in file panel_meter.scad, line 86
WARNING: undefined operation (undefined - number) in file panel_meter.scad, line 86
WARNING: undefined operation (number * undefined) in file panel_meter.scad, line 86
WARNING: undefined operation (undefined / number) in file panel_meter.scad, line 86
WARNING: undefined operation (undefined - number) in file panel_meter.scad, line 86
WARNING: undefined operation (number * undefined) in file panel_meter.scad, line 86
WARNING: Unable to convert square(size=[0.0078125, undef], ...) parameter to a number or a vec2 of numbers in file ../../../../../Documents/OpenSCAD/libraries/nopscadlib/utils/rounded_cylinder.scad, line 30
WARNING: undefined operation (undefined - number) in file rounded_cylinder.scad, line 34
WARNING: undefined operation (undefined / number) in file panel_meter.scad, line 86
WARNING: undefined operation (undefined - number) in file panel_meter.scad, line 86
WARNING: undefined operation (number * undefined) in file panel_meter.scad, line 86
WARNING: undefined operation (undefined / number) in file panel_meter.scad, line 86
WARNING: undefined operation (undefined - number) in file panel_meter.scad, line 86
WARNING: undefined operation (number * undefined) in file panel_meter.scad, line 86
WARNING: Unable to convert square(size=[0.0078125, undef], ...) parameter to a number or a vec2 of numbers in file ../../../../../Documents/OpenSCAD/libraries/nopscadlib/utils/rounded_cylinder.scad, line 30
WARNING: undefined operation (undefined - number) in file rounded_cylinder.scad, line 34
WARNING: undefined operation (undefined / number) in file panel_meter.scad, line 86
WARNING: undefined operation (undefined - number) in file panel_meter.scad, line 86
WARNING: undefined operation (number * undefined) in file panel_meter.scad, line 86
WARNING: undefined operation (undefined / number) in file panel_meter.scad, line 86
WARNING: undefined operation (undefined - number) in file panel_meter.scad, line 86
WARNING: undefined operation (number * undefined) in file panel_meter.scad, line 86
WARNING: Unable to convert square(size=[0.0078125, undef], ...) parameter to a number or a vec2 of numbers in file ../../../../../Documents/OpenSCAD/libraries/nopscadlib/utils/rounded_cylinder.scad, line 30
WARNING: undefined operation (undefined - number) in file rounded_cylinder.scad, line 34
WARNING: undefined operation (-undefined) in file panel_meter.scad, line 108
WARNING: max() parameter could not be converted in file ../../../../../Documents/OpenSCAD/libraries/nopscadlib/vitamins/panel_meter.scad, line 108
WARNING: undefined operation (undefined > number) in file panel_meter.scad, line 109
WARNING: undefined operation (undefined + number) in file panel_meter.scad, line 113
WARNING: Unable to convert translate([0, 0, undef]) parameter to a vec3 or vec2 of numbers in file ../../../../../Documents/OpenSCAD/libraries/nopscadlib/utils/core/global.scad, line 50
WARNING: undefined operation (undefined * number) in file panel_meter.scad, line 114
WARNING: undefined operation (undefined * number) in file global.scad, line 38
WARNING: undefined operation (undefined * number) in file global.scad, line 38
WARNING: undefined operation (undefined / number) in file global.scad, line 38
WARNING: min() parameter could not be converted in file ../../../../../Documents/OpenSCAD/libraries/nopscadlib/utils/core/global.scad, line 38
WARNING: max() parameter could not be converted in file ../../../../../Documents/OpenSCAD/libraries/nopscadlib/utils/core/global.scad, line 38
WARNING: ceil() parameter could not be converted in file ../../../../../Documents/OpenSCAD/libraries/nopscadlib/utils/core/global.scad, line 38
WARNING: undefined operation (undefined + number) in file global.scad, line 39
WARNING: undefined operation (undefined / number) in file global.scad, line 39
WARNING: floor() parameter could not be converted in file ../../../../../Documents/OpenSCAD/libraries/nopscadlib/utils/core/global.scad, line 39
WARNING: undefined operation (undefined * number) in file global.scad, line 39
WARNING: min() parameter could not be converted in file ../../../../../Documents/OpenSCAD/libraries/nopscadlib/utils/core/rounded_rectangle.scad, line 25
WARNING: undefined operation (undefined / number) in file rounded_rectangle.scad, line 25
WARNING: operation undefined (undefined < undefined) in file rounded_rectangle.scad, line 25
ERROR: Assertion '(r < (min(size.x, size.y) / 2))' failed in file rounded_rectangle.scad, line 25
TRACE: called by 'assert' in file rounded_rectangle.scad, line 25
TRACE: called by 'rounded_square' in file rounded_rectangle.scad, line 33
TRACE: called by 'children' in file global.scad, line 86
TRACE: called by 'if' in file global.scad, line 82
TRACE: called by 'extrude_if' in file rounded_rectangle.scad, line 32
TRACE: called by 'rounded_rectangle' in file panel_meter.scad, line 114
TRACE: called by 'children' in file global.scad, line 50
TRACE: called by 'translate' in file global.scad, line 50
TRACE: called by 'translate_z' in file panel_meter.scad, line 113
TRACE: called by 'hull' in file panel_meter.scad, line 107
TRACE: called by 'difference' in file panel_meter.scad, line 93
TRACE: called by 'union' in file panel_meter.scad, line 89
Geometries in cache: 1
Geometry cache size in bytes: 0
CGAL Polyhedrons in cache: 0
CGAL cache size in bytes: 0
Total rendering time: 0:00:00.000
Current top level object is empty.
