WARNING: undefined operation (number + undefined) in file radial.scad, line 114
WARNING: undefined operation (number * undefined) in file radial.scad, line 114
WARNING: undefined operation (number + undefined) in file radial.scad, line 114
WARNING: undefined operation (number * undefined) in file radial.scad, line 114
WARNING: undefined operation (number + undefined) in file radial.scad, line 114
WARNING: undefined operation (undefined * number) in file global.scad, line 38
WARNING: undefined operation (undefined * number) in file global.scad, line 38
WARNING: undefined operation (undefined / number) in file global.scad, line 38
WARNING: min() parameter could not be converted in file ../../../../../Documents/OpenSCAD/libraries/nopscadlib/utils/core/global.scad, line 38
WARNING: max() parameter could not be converted in file ../../../../../Documents/OpenSCAD/libraries/nopscadlib/utils/core/global.scad, line 38
WARNING: ceil() parameter could not be converted in file ../../../../../Documents/OpenSCAD/libraries/nopscadlib/utils/core/global.scad, line 38
WARNING: undefined operation (undefined + number) in file global.scad, line 39
WARNING: undefined operation (undefined / number) in file global.scad, line 39
WARNING: floor() parameter could not be converted in file ../../../../../Documents/OpenSCAD/libraries/nopscadlib/utils/core/global.scad, line 39
WARNING: undefined operation (undefined * number) in file global.scad, line 39
WARNING: min() parameter could not be converted in file ../../../../../Documents/OpenSCAD/libraries/nopscadlib/utils/core/rounded_rectangle.scad, line 25
WARNING: undefined operation (undefined / number) in file rounded_rectangle.scad, line 25
WARNING: operation undefined (undefined < undefined) in file rounded_rectangle.scad, line 25
ERROR: Assertion '(r < (min(size.x, size.y) / 2))' failed in file rounded_rectangle.scad, line 25
TRACE: called by 'assert' in file rounded_rectangle.scad, line 25
TRACE: called by 'rounded_square' in file rounded_rectangle.scad, line 33
TRACE: called by 'children' in file global.scad, line 86
TRACE: called by 'if' in file global.scad, line 82
TRACE: called by 'extrude_if' in file rounded_rectangle.scad, line 32
TRACE: called by 'rounded_rectangle' in file radial.scad, line 114
TRACE: called by 'if' in file radial.scad, line 113
TRACE: called by 'children' in file global.scad, line 50
TRACE: called by 'translate' in file global.scad, line 50
TRACE: called by 'translate_z' in file radial.scad, line 103
TRACE: called by 'color' in file radial.scad, line 102
TRACE: called by 'rd_xtal' in file radial__ECAP8x11.scad, line 9
Geometries in cache: 1
Geometry cache size in bytes: 0
CGAL Polyhedrons in cache: 0
CGAL cache size in bytes: 0
Total rendering time: 0:00:00.000
Current top level object is empty.
