WARNING: undefined operation (undefined / number) in file radial.scad, line 111
WARNING: undefined operation (undefined - number) in file rounded_cylinder.scad, line 26
WARNING: undefined operation (number <= undefined) in file rounded_cylinder.scad, line 26
ERROR: Assertion '(ir <= (r - r2))' failed in file rounded_cylinder.scad, line 26
TRACE: called by 'assert' in file rounded_cylinder.scad, line 26
TRACE: called by 'rounded_corner' in file rounded_cylinder.scad, line 46
TRACE: called by 'rotate_extrude' in file rounded_cylinder.scad, line 45
TRACE: called by 'rounded_cylinder' in file radial.scad, line 111
TRACE: called by 'if' in file radial.scad, line 104
TRACE: called by 'children' in file global.scad, line 50
TRACE: called by 'translate' in file global.scad, line 50
TRACE: called by 'translate_z' in file radial.scad, line 103
TRACE: called by 'color' in file radial.scad, line 102
TRACE: called by 'rd_xtal' in file radial__ERZV07D471.scad, line 9
Geometries in cache: 1
Geometry cache size in bytes: 0
CGAL Polyhedrons in cache: 0
CGAL cache size in bytes: 0
Total rendering time: 0:00:00.000
Current top level object is empty.
