WARNING: undefined operation (undefined - undefined) in file servo_motor.scad, line 50
WARNING: undefined operation (undefined / number) in file servo_motor.scad, line 50
WARNING: undefined operation (vector + undefined) in file servo_motor.scad, line 57
WARNING: Unable to convert translate([0, 0, undef]) parameter to a vec3 or vec2 of numbers in file ../../../../../Documents/OpenSCAD/libraries/nopscadlib/utils/core/global.scad, line 50
WARNING: undefined operation (vector - undefined) in file servo_motor.scad, line 58
WARNING: undefined operation (undefined - undefined) in file servo_motor.scad, line 58
WARNING: undefined operation (vector - undefined) in file servo_motor.scad, line 58
WARNING: undefined operation (undefined - undefined) in file servo_motor.scad, line 58
WARNING: Unable to convert square(size=[undef, undef], ...) parameter to a number or a vec2 of numbers in file ../../../../../Documents/OpenSCAD/libraries/nopscadlib/vitamins/servo_motor.scad, line 61
WARNING: undefined operation (vector * undefined) in file servo_motor.scad, line 102
WARNING: undefined operation (undefined / number) in file servo_motor.scad, line 102
WARNING: Unable to convert translate(undef) parameter to a vec3 or vec2 of numbers in file ../../../../../Documents/OpenSCAD/libraries/nopscadlib/vitamins/servo_motor.scad, line 102
WARNING: undefined operation (number * undefined) in file servo_motor.scad, line 65
WARNING: undefined operation (undefined - undefined) in file quadrant.scad, line 28
WARNING: undefined operation (undefined - undefined) in file quadrant.scad, line 29
WARNING: undefined operation (undefined - undefined) in file quadrant.scad, line 33
WARNING: undefined operation (undefined - undefined) in file quadrant.scad, line 33
WARNING: undefined operation (undefined * number) in file global.scad, line 38
WARNING: undefined operation (undefined * number) in file global.scad, line 38
WARNING: undefined operation (undefined / number) in file global.scad, line 38
WARNING: min() parameter could not be converted in file ../../../../../Documents/OpenSCAD/libraries/nopscadlib/utils/core/global.scad, line 38
WARNING: max() parameter could not be converted in file ../../../../../Documents/OpenSCAD/libraries/nopscadlib/utils/core/global.scad, line 38
WARNING: ceil() parameter could not be converted in file ../../../../../Documents/OpenSCAD/libraries/nopscadlib/utils/core/global.scad, line 38
WARNING: undefined operation (undefined + number) in file global.scad, line 39
WARNING: undefined operation (undefined / number) in file global.scad, line 39
WARNING: floor() parameter could not be converted in file ../../../../../Documents/OpenSCAD/libraries/nopscadlib/utils/core/global.scad, line 39
WARNING: undefined operation (undefined * number) in file global.scad, line 39
WARNING: Unable to convert square(size=[undef, undef], ...) parameter to a number or a vec2 of numbers in file ../../../../../Documents/OpenSCAD/libraries/nopscadlib/utils/quadrant.scad, line 36
WARNING: Unable to convert square(size=[undef, 0.0078125], ...) parameter to a number or a vec2 of numbers in file ../../../../../Documents/OpenSCAD/libraries/nopscadlib/utils/quadrant.scad, line 39
WARNING: Unable to convert square(size=[0.0078125, undef], ...) parameter to a number or a vec2 of numbers in file ../../../../../Documents/OpenSCAD/libraries/nopscadlib/utils/quadrant.scad, line 41
WARNING: undefined operation (vector * undefined) in file servo_motor.scad, line 102
WARNING: undefined operation (undefined / number) in file servo_motor.scad, line 102
WARNING: Unable to convert translate(undef) parameter to a vec3 or vec2 of numbers in file ../../../../../Documents/OpenSCAD/libraries/nopscadlib/vitamins/servo_motor.scad, line 102
WARNING: undefined operation (number * undefined) in file servo_motor.scad, line 65
WARNING: undefined operation (undefined - undefined) in file quadrant.scad, line 28
WARNING: undefined operation (undefined - undefined) in file quadrant.scad, line 29
WARNING: undefined operation (undefined - undefined) in file quadrant.scad, line 33
WARNING: undefined operation (undefined - undefined) in file quadrant.scad, line 33
WARNING: undefined operation (undefined * number) in file global.scad, line 38
WARNING: undefined operation (undefined * number) in file global.scad, line 38
WARNING: undefined operation (undefined / number) in file global.scad, line 38
WARNING: min() parameter could not be converted in file ../../../../../Documents/OpenSCAD/libraries/nopscadlib/utils/core/global.scad, line 38
WARNING: max() parameter could not be converted in file ../../../../../Documents/OpenSCAD/libraries/nopscadlib/utils/core/global.scad, line 38
WARNING: ceil() parameter could not be converted in file ../../../../../Documents/OpenSCAD/libraries/nopscadlib/utils/core/global.scad, line 38
WARNING: undefined operation (undefined + number) in file global.scad, line 39
WARNING: undefined operation (undefined / number) in file global.scad, line 39
WARNING: floor() parameter could not be converted in file ../../../../../Documents/OpenSCAD/libraries/nopscadlib/utils/core/global.scad, line 39
WARNING: undefined operation (undefined * number) in file global.scad, line 39
WARNING: Unable to convert square(size=[undef, undef], ...) parameter to a number or a vec2 of numbers in file ../../../../../Documents/OpenSCAD/libraries/nopscadlib/utils/quadrant.scad, line 36
WARNING: Unable to convert square(size=[undef, 0.0078125], ...) parameter to a number or a vec2 of numbers in file ../../../../../Documents/OpenSCAD/libraries/nopscadlib/utils/quadrant.scad, line 39
WARNING: Unable to convert square(size=[0.0078125, undef], ...) parameter to a number or a vec2 of numbers in file ../../../../../Documents/OpenSCAD/libraries/nopscadlib/utils/quadrant.scad, line 41
WARNING: undefined operation (vector * undefined) in file servo_motor.scad, line 102
WARNING: undefined operation (undefined / number) in file servo_motor.scad, line 102
WARNING: Unable to convert translate(undef) parameter to a vec3 or vec2 of numbers in file ../../../../../Documents/OpenSCAD/libraries/nopscadlib/vitamins/servo_motor.scad, line 102
WARNING: undefined operation (number * undefined) in file servo_motor.scad, line 65
WARNING: undefined operation (undefined - undefined) in file quadrant.scad, line 28
WARNING: undefined operation (undefined - undefined) in file quadrant.scad, line 29
WARNING: undefined operation (undefined - undefined) in file quadrant.scad, line 33
WARNING: undefined operation (undefined - undefined) in file quadrant.scad, line 33
WARNING: undefined operation (undefined * number) in file global.scad, line 38
WARNING: undefined operation (undefined * number) in file global.scad, line 38
WARNING: undefined operation (undefined / number) in file global.scad, line 38
WARNING: min() parameter could not be converted in file ../../../../../Documents/OpenSCAD/libraries/nopscadlib/utils/core/global.scad, line 38
WARNING: max() parameter could not be converted in file ../../../../../Documents/OpenSCAD/libraries/nopscadlib/utils/core/global.scad, line 38
WARNING: ceil() parameter could not be converted in file ../../../../../Documents/OpenSCAD/libraries/nopscadlib/utils/core/global.scad, line 38
WARNING: undefined operation (undefined + number) in file global.scad, line 39
WARNING: undefined operation (undefined / number) in file global.scad, line 39
WARNING: floor() parameter could not be converted in file ../../../../../Documents/OpenSCAD/libraries/nopscadlib/utils/core/global.scad, line 39
WARNING: undefined operation (undefined * number) in file global.scad, line 39
WARNING: Unable to convert square(size=[undef, undef], ...) parameter to a number or a vec2 of numbers in file ../../../../../Documents/OpenSCAD/libraries/nopscadlib/utils/quadrant.scad, line 36
WARNING: Unable to convert square(size=[undef, 0.0078125], ...) parameter to a number or a vec2 of numbers in file ../../../../../Documents/OpenSCAD/libraries/nopscadlib/utils/quadrant.scad, line 39
WARNING: Unable to convert square(size=[0.0078125, undef], ...) parameter to a number or a vec2 of numbers in file ../../../../../Documents/OpenSCAD/libraries/nopscadlib/utils/quadrant.scad, line 41
WARNING: undefined operation (vector * undefined) in file servo_motor.scad, line 102
WARNING: undefined operation (undefined / number) in file servo_motor.scad, line 102
WARNING: Unable to convert translate(undef) parameter to a vec3 or vec2 of numbers in file ../../../../../Documents/OpenSCAD/libraries/nopscadlib/vitamins/servo_motor.scad, line 102
WARNING: undefined operation (number * undefined) in file servo_motor.scad, line 65
WARNING: undefined operation (undefined - undefined) in file quadrant.scad, line 28
WARNING: undefined operation (undefined - undefined) in file quadrant.scad, line 29
WARNING: undefined operation (undefined - undefined) in file quadrant.scad, line 33
WARNING: undefined operation (undefined - undefined) in file quadrant.scad, line 33
WARNING: undefined operation (undefined * number) in file global.scad, line 38
WARNING: undefined operation (undefined * number) in file global.scad, line 38
WARNING: undefined operation (undefined / number) in file global.scad, line 38
WARNING: min() parameter could not be converted in file ../../../../../Documents/OpenSCAD/libraries/nopscadlib/utils/core/global.scad, line 38
WARNING: max() parameter could not be converted in file ../../../../../Documents/OpenSCAD/libraries/nopscadlib/utils/core/global.scad, line 38
WARNING: ceil() parameter could not be converted in file ../../../../../Documents/OpenSCAD/libraries/nopscadlib/utils/core/global.scad, line 38
WARNING: undefined operation (undefined + number) in file global.scad, line 39
WARNING: undefined operation (undefined / number) in file global.scad, line 39
WARNING: floor() parameter could not be converted in file ../../../../../Documents/OpenSCAD/libraries/nopscadlib/utils/core/global.scad, line 39
WARNING: undefined operation (undefined * number) in file global.scad, line 39
WARNING: Unable to convert square(size=[undef, undef], ...) parameter to a number or a vec2 of numbers in file ../../../../../Documents/OpenSCAD/libraries/nopscadlib/utils/quadrant.scad, line 36
WARNING: Unable to convert square(size=[undef, 0.0078125], ...) parameter to a number or a vec2 of numbers in file ../../../../../Documents/OpenSCAD/libraries/nopscadlib/utils/quadrant.scad, line 39
WARNING: Unable to convert square(size=[0.0078125, undef], ...) parameter to a number or a vec2 of numbers in file ../../../../../Documents/OpenSCAD/libraries/nopscadlib/utils/quadrant.scad, line 41
WARNING: undefined operation (undefined / number) in file servo_motor.scad, line 69
WARNING: undefined operation (undefined - undefined) in file rounded_cylinder.scad, line 26
WARNING: undefined operation (number <= undefined) in file rounded_cylinder.scad, line 26
ERROR: Assertion '(ir <= (r - r2))' failed in file rounded_cylinder.scad, line 26
TRACE: called by 'assert' in file rounded_cylinder.scad, line 26
TRACE: called by 'rounded_corner' in file rounded_cylinder.scad, line 46
TRACE: called by 'rotate_extrude' in file rounded_cylinder.scad, line 45
TRACE: called by 'rounded_cylinder' in file servo_motor.scad, line 69
TRACE: called by 'children' in file global.scad, line 53
TRACE: called by 'rotate' in file global.scad, line 53
TRACE: called by 'vflip' in file servo_motor.scad, line 68
TRACE: called by 'children' in file global.scad, line 50
TRACE: called by 'translate' in file global.scad, line 50
TRACE: called by 'translate_z' in file servo_motor.scad, line 57
TRACE: called by 'color' in file servo_motor.scad, line 56
TRACE: called by 'servo_motor' in file servo_motor__Shaft_19mm_keyed.scad, line 8
Geometries in cache: 1
Geometry cache size in bytes: 0
CGAL Polyhedrons in cache: 0
CGAL cache size in bytes: 0
Total rendering time: 0:00:00.000
Current top level object is empty.
