WARNING: round() parameter could not be converted in file ../../../../../Documents/OpenSCAD/libraries/nopscadlib/vitamins/sheet.scad, line 63
WARNING: round() parameter could not be converted in file ../../../../../Documents/OpenSCAD/libraries/nopscadlib/vitamins/sheet.scad, line 63
WARNING: undefined operation (-undefined) in file sheet.scad, line 68
WARNING: undefined operation (undefined / number) in file sheet.scad, line 68
WARNING: undefined operation (undefined / number) in file sheet.scad, line 68
WARNING: undefined operation (undefined / number) in file sheet.scad, line 71
WARNING: undefined operation (undefined / number) in file sheet.scad, line 71
WARNING: undefined operation (undefined / number) in file sheet.scad, line 75
WARNING: undefined operation (-undefined) in file sheet.scad, line 75
WARNING: undefined operation (undefined / number) in file sheet.scad, line 75
WARNING: undefined operation (-undefined) in file sheet.scad, line 79
WARNING: undefined operation (undefined / number) in file sheet.scad, line 79
WARNING: undefined operation (-undefined) in file sheet.scad, line 79
WARNING: undefined operation (undefined / number) in file sheet.scad, line 79
Geometries in cache: 12
Geometry cache size in bytes: 2456
CGAL Polyhedrons in cache: 0
CGAL cache size in bytes: 0
Total rendering time: 0:00:00.001
   Top level object is a 3D object:
   Facets:         12
