WARNING: undefined operation (vector + number) in file smd.scad, line 168
WARNING: undefined operation (undefined - undefined) in file smd.scad, line 169
WARNING: undefined operation (number / undefined) in file smd.scad, line 173
WARNING: floor() parameter could not be converted in file ../../../../../Documents/OpenSCAD/libraries/nopscadlib/vitamins/smd.scad, line 173
WARNING: undefined operation (undefined + number) in file smd.scad, line 173
WARNING: undefined operation (undefined / number) in file smd.scad, line 177
WARNING: undefined operation (undefined - undefined) in file smd.scad, line 177
WARNING: undefined operation (undefined / number) in file smd.scad, line 177
WARNING: undefined operation (undefined - undefined) in file smd.scad, line 177
WARNING: undefined operation (undefined + undefined) in file smd.scad, line 177
WARNING: undefined operation (undefined - undefined) in file smd.scad, line 177
WARNING: undefined operation (undefined / number) in file smd.scad, line 177
WARNING: undefined operation (undefined - undefined) in file smd.scad, line 177
WARNING: undefined operation (undefined / number) in file smd.scad, line 177
WARNING: undefined operation (undefined / number) in file smd.scad, line 177
WARNING: undefined operation (undefined - undefined) in file smd.scad, line 177
ERROR: Assertion 'is_num(r)' failed: "expected path[2] to be a radius, got undef" in file sweep.scad, line 210
TRACE: called by 'rounded_path' in file smd.scad, line 177
TRACE: called by 'smd_sot' in file smd__LED1206.scad, line 9
Geometries in cache: 1
Geometry cache size in bytes: 0
CGAL Polyhedrons in cache: 0
CGAL cache size in bytes: 0
Total rendering time: 0:00:00.000
Current top level object is empty.
