WARNING: undefined operation (-undefined) in file sweep.scad, line 184
WARNING: undefined operation (undefined / number) in file sweep.scad, line 184
WARNING: undefined operation (-undefined) in file sweep.scad, line 184
WARNING: undefined operation (undefined / number) in file sweep.scad, line 184
WARNING: undefined operation (undefined / number) in file sweep.scad, line 184
WARNING: undefined operation (undefined / number) in file sweep.scad, line 184
WARNING: Vector must contain only numbers. Problem at index 0
WARNING: Vector must contain only numbers. Problem at index 0
	while processing left operand at row 0 in file sweep.scad, line 147
WARNING: Vector must contain only numbers. Problem at index 0
WARNING: Vector must contain only numbers. Problem at index 0
	while processing left operand at row 0 in file sweep.scad, line 147
WARNING: Vector must contain only numbers. Problem at index 0
WARNING: Vector must contain only numbers. Problem at index 0
	while processing left operand at row 0 in file sweep.scad, line 147
WARNING: Vector must contain only numbers. Problem at index 0
WARNING: Vector must contain only numbers. Problem at index 0
	while processing left operand at row 0 in file sweep.scad, line 147
WARNING: Vector must contain only numbers. Problem at index 0
WARNING: Vector must contain only numbers. Problem at index 0
	while processing left operand at row 0 in file sweep.scad, line 147
WARNING: Vector must contain only numbers. Problem at index 0
WARNING: Vector must contain only numbers. Problem at index 0
	while processing left operand at row 0 in file sweep.scad, line 147
WARNING: Vector must contain only numbers. Problem at index 0
WARNING: Vector must contain only numbers. Problem at index 0
	while processing left operand at row 0 in file sweep.scad, line 147
WARNING: Vector must contain only numbers. Problem at index 0
WARNING: Vector must contain only numbers. Problem at index 0
	while processing left operand at row 0 in file sweep.scad, line 147
WARNING: Vector must contain only numbers. Problem at index 0
WARNING: Vector must contain only numbers. Problem at index 0
	while processing left operand at row 0 in file sweep.scad, line 147
WARNING: Vector must contain only numbers. Problem at index 0
WARNING: Vector must contain only numbers. Problem at index 0
	while processing left operand at row 0 in file sweep.scad, line 147
WARNING: Vector must contain only numbers. Problem at index 0
WARNING: Vector must contain only numbers. Problem at index 0
	while processing left operand at row 0 in file sweep.scad, line 147
WARNING: Vector must contain only numbers. Problem at index 0
WARNING: Vector must contain only numbers. Problem at index 0
	while processing left operand at row 0 in file sweep.scad, line 147
WARNING: undefined operation (undefined - undefined) in file sweep.scad, line 154
WARNING: undefined operation (undefined - undefined) in file sweep.scad, line 154
WARNING: operation undefined (undefined > undefined) in file sweep.scad, line 154
WARNING: undefined operation (undefined - undefined) in file sweep.scad, line 154
WARNING: undefined operation (undefined - undefined) in file sweep.scad, line 154
WARNING: operation undefined (undefined > undefined) in file sweep.scad, line 154
WARNING: undefined operation (undefined - undefined) in file sweep.scad, line 154
WARNING: undefined operation (undefined - undefined) in file sweep.scad, line 154
WARNING: operation undefined (undefined > undefined) in file sweep.scad, line 154
WARNING: undefined operation (undefined - undefined) in file sweep.scad, line 154
WARNING: undefined operation (undefined - undefined) in file sweep.scad, line 154
WARNING: operation undefined (undefined > undefined) in file sweep.scad, line 154
WARNING: undefined operation (undefined - undefined) in file sweep.scad, line 154
WARNING: undefined operation (undefined - undefined) in file sweep.scad, line 154
WARNING: operation undefined (undefined > undefined) in file sweep.scad, line 154
WARNING: undefined operation (undefined - undefined) in file sweep.scad, line 154
WARNING: undefined operation (undefined - undefined) in file sweep.scad, line 154
WARNING: operation undefined (undefined > undefined) in file sweep.scad, line 154
WARNING: undefined operation (undefined - undefined) in file sweep.scad, line 154
WARNING: undefined operation (undefined - undefined) in file sweep.scad, line 154
WARNING: operation undefined (undefined > undefined) in file sweep.scad, line 154
WARNING: undefined operation (undefined - undefined) in file sweep.scad, line 154
WARNING: undefined operation (undefined - undefined) in file sweep.scad, line 154
WARNING: operation undefined (undefined > undefined) in file sweep.scad, line 154
WARNING: undefined operation (undefined - undefined) in file sweep.scad, line 154
WARNING: undefined operation (undefined - undefined) in file sweep.scad, line 154
WARNING: operation undefined (undefined > undefined) in file sweep.scad, line 154
WARNING: undefined operation (undefined - undefined) in file sweep.scad, line 154
WARNING: undefined operation (undefined - undefined) in file sweep.scad, line 154
WARNING: operation undefined (undefined > undefined) in file sweep.scad, line 154
WARNING: undefined operation (undefined - undefined) in file sweep.scad, line 154
WARNING: undefined operation (undefined - undefined) in file sweep.scad, line 154
WARNING: operation undefined (undefined > undefined) in file sweep.scad, line 154
WARNING: undefined operation (undefined - undefined) in file sweep.scad, line 154
WARNING: undefined operation (undefined - undefined) in file sweep.scad, line 154
WARNING: operation undefined (undefined > undefined) in file sweep.scad, line 154
WARNING: undefined operation (undefined - undefined) in file sweep.scad, line 154
WARNING: undefined operation (undefined - undefined) in file sweep.scad, line 154
WARNING: operation undefined (undefined > undefined) in file sweep.scad, line 154
WARNING: undefined operation (undefined - undefined) in file sweep.scad, line 154
WARNING: undefined operation (undefined - undefined) in file sweep.scad, line 154
WARNING: operation undefined (undefined > undefined) in file sweep.scad, line 154
WARNING: undefined operation (undefined - undefined) in file sweep.scad, line 154
WARNING: undefined operation (undefined - undefined) in file sweep.scad, line 154
WARNING: operation undefined (undefined > undefined) in file sweep.scad, line 154
WARNING: undefined operation (undefined - undefined) in file sweep.scad, line 154
WARNING: undefined operation (undefined - undefined) in file sweep.scad, line 154
WARNING: operation undefined (undefined > undefined) in file sweep.scad, line 154
WARNING: undefined operation (undefined - undefined) in file sweep.scad, line 154
WARNING: undefined operation (undefined - undefined) in file sweep.scad, line 154
WARNING: operation undefined (undefined > undefined) in file sweep.scad, line 154
WARNING: undefined operation (undefined - undefined) in file sweep.scad, line 154
WARNING: undefined operation (undefined - undefined) in file sweep.scad, line 154
WARNING: operation undefined (undefined > undefined) in file sweep.scad, line 154
WARNING: undefined operation (undefined - undefined) in file sweep.scad, line 154
WARNING: undefined operation (undefined - undefined) in file sweep.scad, line 154
WARNING: operation undefined (undefined > undefined) in file sweep.scad, line 154
WARNING: undefined operation (undefined - undefined) in file sweep.scad, line 154
WARNING: undefined operation (undefined - undefined) in file sweep.scad, line 154
WARNING: operation undefined (undefined > undefined) in file sweep.scad, line 154
WARNING: undefined operation (undefined - undefined) in file sweep.scad, line 154
WARNING: undefined operation (undefined - undefined) in file sweep.scad, line 154
WARNING: operation undefined (undefined > undefined) in file sweep.scad, line 154
WARNING: undefined operation (undefined - undefined) in file sweep.scad, line 154
WARNING: undefined operation (undefined - undefined) in file sweep.scad, line 154
WARNING: operation undefined (undefined > undefined) in file sweep.scad, line 154
WARNING: undefined operation (undefined - undefined) in file sweep.scad, line 154
WARNING: undefined operation (undefined - undefined) in file sweep.scad, line 154
WARNING: operation undefined (undefined > undefined) in file sweep.scad, line 154
WARNING: undefined operation (undefined - undefined) in file sweep.scad, line 154
WARNING: undefined operation (undefined - undefined) in file sweep.scad, line 154
WARNING: operation undefined (undefined > undefined) in file sweep.scad, line 154
WARNING: undefined operation (undefined - undefined) in file sweep.scad, line 154
WARNING: undefined operation (undefined - undefined) in file sweep.scad, line 154
WARNING: operation undefined (undefined > undefined) in file sweep.scad, line 154
WARNING: undefined operation (undefined - undefined) in file sweep.scad, line 154
WARNING: undefined operation (undefined - undefined) in file sweep.scad, line 154
WARNING: operation undefined (undefined > undefined) in file sweep.scad, line 154
WARNING: undefined operation (undefined - undefined) in file sweep.scad, line 154
WARNING: undefined operation (undefined - undefined) in file sweep.scad, line 154
WARNING: operation undefined (undefined > undefined) in file sweep.scad, line 154
WARNING: undefined operation (undefined - undefined) in file sweep.scad, line 154
WARNING: undefined operation (undefined - undefined) in file sweep.scad, line 154
WARNING: operation undefined (undefined > undefined) in file sweep.scad, line 154
WARNING: undefined operation (undefined - undefined) in file sweep.scad, line 154
WARNING: undefined operation (undefined - undefined) in file sweep.scad, line 154
WARNING: operation undefined (undefined > undefined) in file sweep.scad, line 154
WARNING: undefined operation (undefined - undefined) in file sweep.scad, line 154
WARNING: undefined operation (undefined - undefined) in file sweep.scad, line 154
WARNING: operation undefined (undefined > undefined) in file sweep.scad, line 154
WARNING: undefined operation (undefined - undefined) in file sweep.scad, line 154
WARNING: undefined operation (undefined - undefined) in file sweep.scad, line 154
WARNING: operation undefined (undefined > undefined) in file sweep.scad, line 154
WARNING: undefined operation (undefined - undefined) in file sweep.scad, line 154
WARNING: undefined operation (undefined - undefined) in file sweep.scad, line 154
WARNING: operation undefined (undefined > undefined) in file sweep.scad, line 154
WARNING: undefined operation (undefined - undefined) in file sweep.scad, line 154
WARNING: undefined operation (undefined - undefined) in file sweep.scad, line 154
WARNING: operation undefined (undefined > undefined) in file sweep.scad, line 154
WARNING: undefined operation (undefined - undefined) in file sweep.scad, line 154
WARNING: undefined operation (undefined - undefined) in file sweep.scad, line 154
WARNING: operation undefined (undefined > undefined) in file sweep.scad, line 154
WARNING: undefined operation (undefined - undefined) in file sweep.scad, line 154
WARNING: undefined operation (undefined - undefined) in file sweep.scad, line 154
WARNING: operation undefined (undefined > undefined) in file sweep.scad, line 154
WARNING: undefined operation (undefined - undefined) in file sweep.scad, line 154
WARNING: undefined operation (undefined - undefined) in file sweep.scad, line 154
WARNING: operation undefined (undefined > undefined) in file sweep.scad, line 154
WARNING: undefined operation (undefined - undefined) in file sweep.scad, line 154
WARNING: undefined operation (undefined - undefined) in file sweep.scad, line 154
WARNING: operation undefined (undefined > undefined) in file sweep.scad, line 154
WARNING: undefined operation (undefined - undefined) in file sweep.scad, line 154
WARNING: undefined operation (undefined - undefined) in file sweep.scad, line 154
WARNING: operation undefined (undefined > undefined) in file sweep.scad, line 154
WARNING: undefined operation (undefined - undefined) in file sweep.scad, line 154
WARNING: undefined operation (undefined - undefined) in file sweep.scad, line 154
WARNING: operation undefined (undefined > undefined) in file sweep.scad, line 154
WARNING: undefined operation (undefined - undefined) in file sweep.scad, line 154
WARNING: undefined operation (undefined - undefined) in file sweep.scad, line 154
WARNING: operation undefined (undefined > undefined) in file sweep.scad, line 154
WARNING: undefined operation (undefined - undefined) in file sweep.scad, line 154
WARNING: undefined operation (undefined - undefined) in file sweep.scad, line 154
WARNING: operation undefined (undefined > undefined) in file sweep.scad, line 154
WARNING: undefined operation (undefined - undefined) in file sweep.scad, line 154
WARNING: undefined operation (undefined - undefined) in file sweep.scad, line 154
WARNING: operation undefined (undefined > undefined) in file sweep.scad, line 154
WARNING: undefined operation (undefined - undefined) in file sweep.scad, line 154
WARNING: undefined operation (undefined - undefined) in file sweep.scad, line 154
WARNING: operation undefined (undefined > undefined) in file sweep.scad, line 154
WARNING: undefined operation (undefined - undefined) in file sweep.scad, line 154
WARNING: undefined operation (undefined - undefined) in file sweep.scad, line 154
WARNING: operation undefined (undefined > undefined) in file sweep.scad, line 154
WARNING: Point index 3 is out of bounds (from faces[0][0]) in file ../../../../../Documents/OpenSCAD/libraries/nopscadlib/utils/sweep.scad, line 177
WARNING: Point index 2 is out of bounds (from faces[0][1]) in file ../../../../../Documents/OpenSCAD/libraries/nopscadlib/utils/sweep.scad, line 177
WARNING: Point index 1 is out of bounds (from faces[0][2]) in file ../../../../../Documents/OpenSCAD/libraries/nopscadlib/utils/sweep.scad, line 177
WARNING: Point index 0 is out of bounds (from faces[0][3]) in file ../../../../../Documents/OpenSCAD/libraries/nopscadlib/utils/sweep.scad, line 177
WARNING: Point index 0 is out of bounds (from faces[1][0]) in file ../../../../../Documents/OpenSCAD/libraries/nopscadlib/utils/sweep.scad, line 177
WARNING: Point index 1 is out of bounds (from faces[1][1]) in file ../../../../../Documents/OpenSCAD/libraries/nopscadlib/utils/sweep.scad, line 177
WARNING: Point index 5 is out of bounds (from faces[1][2]) in file ../../../../../Documents/OpenSCAD/libraries/nopscadlib/utils/sweep.scad, line 177
WARNING: Point index 0 is out of bounds (from faces[2][0]) in file ../../../../../Documents/OpenSCAD/libraries/nopscadlib/utils/sweep.scad, line 177
WARNING: Point index 5 is out of bounds (from faces[2][1]) in file ../../../../../Documents/OpenSCAD/libraries/nopscadlib/utils/sweep.scad, line 177
WARNING: Point index 4 is out of bounds (from faces[2][2]) in file ../../../../../Documents/OpenSCAD/libraries/nopscadlib/utils/sweep.scad, line 177
WARNING: Point index 4 is out of bounds (from faces[3][0]) in file ../../../../../Documents/OpenSCAD/libraries/nopscadlib/utils/sweep.scad, line 177
WARNING: Point index 5 is out of bounds (from faces[3][1]) in file ../../../../../Documents/OpenSCAD/libraries/nopscadlib/utils/sweep.scad, line 177
WARNING: Point index 9 is out of bounds (from faces[3][2]) in file ../../../../../Documents/OpenSCAD/libraries/nopscadlib/utils/sweep.scad, line 177
WARNING: Point index 4 is out of bounds (from faces[4][0]) in file ../../../../../Documents/OpenSCAD/libraries/nopscadlib/utils/sweep.scad, line 177
WARNING: Point index 9 is out of bounds (from faces[4][1]) in file ../../../../../Documents/OpenSCAD/libraries/nopscadlib/utils/sweep.scad, line 177
WARNING: Point index 8 is out of bounds (from faces[4][2]) in file ../../../../../Documents/OpenSCAD/libraries/nopscadlib/utils/sweep.scad, line 177
WARNING: Point index 8 is out of bounds (from faces[5][0]) in file ../../../../../Documents/OpenSCAD/libraries/nopscadlib/utils/sweep.scad, line 177
WARNING: Point index 9 is out of bounds (from faces[5][1]) in file ../../../../../Documents/OpenSCAD/libraries/nopscadlib/utils/sweep.scad, line 177
WARNING: Point index 13 is out of bounds (from faces[5][2]) in file ../../../../../Documents/OpenSCAD/libraries/nopscadlib/utils/sweep.scad, line 177
WARNING: Point index 8 is out of bounds (from faces[6][0]) in file ../../../../../Documents/OpenSCAD/libraries/nopscadlib/utils/sweep.scad, line 177
WARNING: Point index 13 is out of bounds (from faces[6][1]) in file ../../../../../Documents/OpenSCAD/libraries/nopscadlib/utils/sweep.scad, line 177
WARNING: Point index 12 is out of bounds (from faces[6][2]) in file ../../../../../Documents/OpenSCAD/libraries/nopscadlib/utils/sweep.scad, line 177
WARNING: Point index 12 is out of bounds (from faces[7][0]) in file ../../../../../Documents/OpenSCAD/libraries/nopscadlib/utils/sweep.scad, line 177
WARNING: Point index 13 is out of bounds (from faces[7][1]) in file ../../../../../Documents/OpenSCAD/libraries/nopscadlib/utils/sweep.scad, line 177
WARNING: Point index 17 is out of bounds (from faces[7][2]) in file ../../../../../Documents/OpenSCAD/libraries/nopscadlib/utils/sweep.scad, line 177
WARNING: Point index 12 is out of bounds (from faces[8][0]) in file ../../../../../Documents/OpenSCAD/libraries/nopscadlib/utils/sweep.scad, line 177
WARNING: Point index 17 is out of bounds (from faces[8][1]) in file ../../../../../Documents/OpenSCAD/libraries/nopscadlib/utils/sweep.scad, line 177
WARNING: Point index 16 is out of bounds (from faces[8][2]) in file ../../../../../Documents/OpenSCAD/libraries/nopscadlib/utils/sweep.scad, line 177
WARNING: Point index 16 is out of bounds (from faces[9][0]) in file ../../../../../Documents/OpenSCAD/libraries/nopscadlib/utils/sweep.scad, line 177
WARNING: Point index 17 is out of bounds (from faces[9][1]) in file ../../../../../Documents/OpenSCAD/libraries/nopscadlib/utils/sweep.scad, line 177
WARNING: Point index 21 is out of bounds (from faces[9][2]) in file ../../../../../Documents/OpenSCAD/libraries/nopscadlib/utils/sweep.scad, line 177
WARNING: Point index 16 is out of bounds (from faces[10][0]) in file ../../../../../Documents/OpenSCAD/libraries/nopscadlib/utils/sweep.scad, line 177
WARNING: Point index 21 is out of bounds (from faces[10][1]) in file ../../../../../Documents/OpenSCAD/libraries/nopscadlib/utils/sweep.scad, line 177
WARNING: Point index 20 is out of bounds (from faces[10][2]) in file ../../../../../Documents/OpenSCAD/libraries/nopscadlib/utils/sweep.scad, line 177
WARNING: Point index 20 is out of bounds (from faces[11][0]) in file ../../../../../Documents/OpenSCAD/libraries/nopscadlib/utils/sweep.scad, line 177
WARNING: Point index 21 is out of bounds (from faces[11][1]) in file ../../../../../Documents/OpenSCAD/libraries/nopscadlib/utils/sweep.scad, line 177
WARNING: Point index 25 is out of bounds (from faces[11][2]) in file ../../../../../Documents/OpenSCAD/libraries/nopscadlib/utils/sweep.scad, line 177
WARNING: Point index 20 is out of bounds (from faces[12][0]) in file ../../../../../Documents/OpenSCAD/libraries/nopscadlib/utils/sweep.scad, line 177
WARNING: Point index 25 is out of bounds (from faces[12][1]) in file ../../../../../Documents/OpenSCAD/libraries/nopscadlib/utils/sweep.scad, line 177
WARNING: Point index 24 is out of bounds (from faces[12][2]) in file ../../../../../Documents/OpenSCAD/libraries/nopscadlib/utils/sweep.scad, line 177
WARNING: Point index 24 is out of bounds (from faces[13][0]) in file ../../../../../Documents/OpenSCAD/libraries/nopscadlib/utils/sweep.scad, line 177
WARNING: Point index 25 is out of bounds (from faces[13][1]) in file ../../../../../Documents/OpenSCAD/libraries/nopscadlib/utils/sweep.scad, line 177
WARNING: Point index 29 is out of bounds (from faces[13][2]) in file ../../../../../Documents/OpenSCAD/libraries/nopscadlib/utils/sweep.scad, line 177
WARNING: Point index 24 is out of bounds (from faces[14][0]) in file ../../../../../Documents/OpenSCAD/libraries/nopscadlib/utils/sweep.scad, line 177
WARNING: Point index 29 is out of bounds (from faces[14][1]) in file ../../../../../Documents/OpenSCAD/libraries/nopscadlib/utils/sweep.scad, line 177
WARNING: Point index 28 is out of bounds (from faces[14][2]) in file ../../../../../Documents/OpenSCAD/libraries/nopscadlib/utils/sweep.scad, line 177
WARNING: Point index 28 is out of bounds (from faces[15][0]) in file ../../../../../Documents/OpenSCAD/libraries/nopscadlib/utils/sweep.scad, line 177
WARNING: Point index 29 is out of bounds (from faces[15][1]) in file ../../../../../Documents/OpenSCAD/libraries/nopscadlib/utils/sweep.scad, line 177
WARNING: Point index 33 is out of bounds (from faces[15][2]) in file ../../../../../Documents/OpenSCAD/libraries/nopscadlib/utils/sweep.scad, line 177
WARNING: Point index 28 is out of bounds (from faces[16][0]) in file ../../../../../Documents/OpenSCAD/libraries/nopscadlib/utils/sweep.scad, line 177
WARNING: Point index 33 is out of bounds (from faces[16][1]) in file ../../../../../Documents/OpenSCAD/libraries/nopscadlib/utils/sweep.scad, line 177
WARNING: Point index 32 is out of bounds (from faces[16][2]) in file ../../../../../Documents/OpenSCAD/libraries/nopscadlib/utils/sweep.scad, line 177
WARNING: Point index 32 is out of bounds (from faces[17][0]) in file ../../../../../Documents/OpenSCAD/libraries/nopscadlib/utils/sweep.scad, line 177
WARNING: Point index 33 is out of bounds (from faces[17][1]) in file ../../../../../Documents/OpenSCAD/libraries/nopscadlib/utils/sweep.scad, line 177
WARNING: Point index 37 is out of bounds (from faces[17][2]) in file ../../../../../Documents/OpenSCAD/libraries/nopscadlib/utils/sweep.scad, line 177
WARNING: Point index 32 is out of bounds (from faces[18][0]) in file ../../../../../Documents/OpenSCAD/libraries/nopscadlib/utils/sweep.scad, line 177
WARNING: Point index 37 is out of bounds (from faces[18][1]) in file ../../../../../Documents/OpenSCAD/libraries/nopscadlib/utils/sweep.scad, line 177
WARNING: Point index 36 is out of bounds (from faces[18][2]) in file ../../../../../Documents/OpenSCAD/libraries/nopscadlib/utils/sweep.scad, line 177
WARNING: Point index 36 is out of bounds (from faces[19][0]) in file ../../../../../Documents/OpenSCAD/libraries/nopscadlib/utils/sweep.scad, line 177
WARNING: Point index 37 is out of bounds (from faces[19][1]) in file ../../../../../Documents/OpenSCAD/libraries/nopscadlib/utils/sweep.scad, line 177
WARNING: Point index 41 is out of bounds (from faces[19][2]) in file ../../../../../Documents/OpenSCAD/libraries/nopscadlib/utils/sweep.scad, line 177
WARNING: Point index 36 is out of bounds (from faces[20][0]) in file ../../../../../Documents/OpenSCAD/libraries/nopscadlib/utils/sweep.scad, line 177
WARNING: Point index 41 is out of bounds (from faces[20][1]) in file ../../../../../Documents/OpenSCAD/libraries/nopscadlib/utils/sweep.scad, line 177
WARNING: Point index 40 is out of bounds (from faces[20][2]) in file ../../../../../Documents/OpenSCAD/libraries/nopscadlib/utils/sweep.scad, line 177
WARNING: Point index 40 is out of bounds (from faces[21][0]) in file ../../../../../Documents/OpenSCAD/libraries/nopscadlib/utils/sweep.scad, line 177
WARNING: Point index 41 is out of bounds (from faces[21][1]) in file ../../../../../Documents/OpenSCAD/libraries/nopscadlib/utils/sweep.scad, line 177
WARNING: Point index 45 is out of bounds (from faces[21][2]) in file ../../../../../Documents/OpenSCAD/libraries/nopscadlib/utils/sweep.scad, line 177
WARNING: Point index 40 is out of bounds (from faces[22][0]) in file ../../../../../Documents/OpenSCAD/libraries/nopscadlib/utils/sweep.scad, line 177
WARNING: Point index 45 is out of bounds (from faces[22][1]) in file ../../../../../Documents/OpenSCAD/libraries/nopscadlib/utils/sweep.scad, line 177
WARNING: Point index 44 is out of bounds (from faces[22][2]) in file ../../../../../Documents/OpenSCAD/libraries/nopscadlib/utils/sweep.scad, line 177
WARNING: Point index 1 is out of bounds (from faces[23][0]) in file ../../../../../Documents/OpenSCAD/libraries/nopscadlib/utils/sweep.scad, line 177
WARNING: Point index 2 is out of bounds (from faces[23][1]) in file ../../../../../Documents/OpenSCAD/libraries/nopscadlib/utils/sweep.scad, line 177
WARNING: Point index 6 is out of bounds (from faces[23][2]) in file ../../../../../Documents/OpenSCAD/libraries/nopscadlib/utils/sweep.scad, line 177
WARNING: Point index 1 is out of bounds (from faces[24][0]) in file ../../../../../Documents/OpenSCAD/libraries/nopscadlib/utils/sweep.scad, line 177
WARNING: Point index 6 is out of bounds (from faces[24][1]) in file ../../../../../Documents/OpenSCAD/libraries/nopscadlib/utils/sweep.scad, line 177
WARNING: Point index 5 is out of bounds (from faces[24][2]) in file ../../../../../Documents/OpenSCAD/libraries/nopscadlib/utils/sweep.scad, line 177
WARNING: Point index 5 is out of bounds (from faces[25][0]) in file ../../../../../Documents/OpenSCAD/libraries/nopscadlib/utils/sweep.scad, line 177
WARNING: Point index 6 is out of bounds (from faces[25][1]) in file ../../../../../Documents/OpenSCAD/libraries/nopscadlib/utils/sweep.scad, line 177
WARNING: Point index 10 is out of bounds (from faces[25][2]) in file ../../../../../Documents/OpenSCAD/libraries/nopscadlib/utils/sweep.scad, line 177
WARNING: Point index 5 is out of bounds (from faces[26][0]) in file ../../../../../Documents/OpenSCAD/libraries/nopscadlib/utils/sweep.scad, line 177
WARNING: Point index 10 is out of bounds (from faces[26][1]) in file ../../../../../Documents/OpenSCAD/libraries/nopscadlib/utils/sweep.scad, line 177
WARNING: Point index 9 is out of bounds (from faces[26][2]) in file ../../../../../Documents/OpenSCAD/libraries/nopscadlib/utils/sweep.scad, line 177
WARNING: Point index 9 is out of bounds (from faces[27][0]) in file ../../../../../Documents/OpenSCAD/libraries/nopscadlib/utils/sweep.scad, line 177
WARNING: Point index 10 is out of bounds (from faces[27][1]) in file ../../../../../Documents/OpenSCAD/libraries/nopscadlib/utils/sweep.scad, line 177
WARNING: Point index 14 is out of bounds (from faces[27][2]) in file ../../../../../Documents/OpenSCAD/libraries/nopscadlib/utils/sweep.scad, line 177
WARNING: Point index 9 is out of bounds (from faces[28][0]) in file ../../../../../Documents/OpenSCAD/libraries/nopscadlib/utils/sweep.scad, line 177
WARNING: Point index 14 is out of bounds (from faces[28][1]) in file ../../../../../Documents/OpenSCAD/libraries/nopscadlib/utils/sweep.scad, line 177
WARNING: Point index 13 is out of bounds (from faces[28][2]) in file ../../../../../Documents/OpenSCAD/libraries/nopscadlib/utils/sweep.scad, line 177
WARNING: Point index 13 is out of bounds (from faces[29][0]) in file ../../../../../Documents/OpenSCAD/libraries/nopscadlib/utils/sweep.scad, line 177
WARNING: Point index 14 is out of bounds (from faces[29][1]) in file ../../../../../Documents/OpenSCAD/libraries/nopscadlib/utils/sweep.scad, line 177
WARNING: Point index 18 is out of bounds (from faces[29][2]) in file ../../../../../Documents/OpenSCAD/libraries/nopscadlib/utils/sweep.scad, line 177
WARNING: Point index 13 is out of bounds (from faces[30][0]) in file ../../../../../Documents/OpenSCAD/libraries/nopscadlib/utils/sweep.scad, line 177
WARNING: Point index 18 is out of bounds (from faces[30][1]) in file ../../../../../Documents/OpenSCAD/libraries/nopscadlib/utils/sweep.scad, line 177
WARNING: Point index 17 is out of bounds (from faces[30][2]) in file ../../../../../Documents/OpenSCAD/libraries/nopscadlib/utils/sweep.scad, line 177
WARNING: Point index 17 is out of bounds (from faces[31][0]) in file ../../../../../Documents/OpenSCAD/libraries/nopscadlib/utils/sweep.scad, line 177
WARNING: Point index 18 is out of bounds (from faces[31][1]) in file ../../../../../Documents/OpenSCAD/libraries/nopscadlib/utils/sweep.scad, line 177
WARNING: Point index 22 is out of bounds (from faces[31][2]) in file ../../../../../Documents/OpenSCAD/libraries/nopscadlib/utils/sweep.scad, line 177
WARNING: Point index 17 is out of bounds (from faces[32][0]) in file ../../../../../Documents/OpenSCAD/libraries/nopscadlib/utils/sweep.scad, line 177
WARNING: Point index 22 is out of bounds (from faces[32][1]) in file ../../../../../Documents/OpenSCAD/libraries/nopscadlib/utils/sweep.scad, line 177
WARNING: Point index 21 is out of bounds (from faces[32][2]) in file ../../../../../Documents/OpenSCAD/libraries/nopscadlib/utils/sweep.scad, line 177
WARNING: Point index 21 is out of bounds (from faces[33][0]) in file ../../../../../Documents/OpenSCAD/libraries/nopscadlib/utils/sweep.scad, line 177
WARNING: Point index 22 is out of bounds (from faces[33][1]) in file ../../../../../Documents/OpenSCAD/libraries/nopscadlib/utils/sweep.scad, line 177
WARNING: Point index 26 is out of bounds (from faces[33][2]) in file ../../../../../Documents/OpenSCAD/libraries/nopscadlib/utils/sweep.scad, line 177
WARNING: Point index 21 is out of bounds (from faces[34][0]) in file ../../../../../Documents/OpenSCAD/libraries/nopscadlib/utils/sweep.scad, line 177
WARNING: Point index 26 is out of bounds (from faces[34][1]) in file ../../../../../Documents/OpenSCAD/libraries/nopscadlib/utils/sweep.scad, line 177
WARNING: Point index 25 is out of bounds (from faces[34][2]) in file ../../../../../Documents/OpenSCAD/libraries/nopscadlib/utils/sweep.scad, line 177
WARNING: Point index 25 is out of bounds (from faces[35][0]) in file ../../../../../Documents/OpenSCAD/libraries/nopscadlib/utils/sweep.scad, line 177
WARNING: Point index 26 is out of bounds (from faces[35][1]) in file ../../../../../Documents/OpenSCAD/libraries/nopscadlib/utils/sweep.scad, line 177
WARNING: Point index 30 is out of bounds (from faces[35][2]) in file ../../../../../Documents/OpenSCAD/libraries/nopscadlib/utils/sweep.scad, line 177
WARNING: Point index 25 is out of bounds (from faces[36][0]) in file ../../../../../Documents/OpenSCAD/libraries/nopscadlib/utils/sweep.scad, line 177
WARNING: Point index 30 is out of bounds (from faces[36][1]) in file ../../../../../Documents/OpenSCAD/libraries/nopscadlib/utils/sweep.scad, line 177
WARNING: Point index 29 is out of bounds (from faces[36][2]) in file ../../../../../Documents/OpenSCAD/libraries/nopscadlib/utils/sweep.scad, line 177
WARNING: Point index 29 is out of bounds (from faces[37][0]) in file ../../../../../Documents/OpenSCAD/libraries/nopscadlib/utils/sweep.scad, line 177
WARNING: Point index 30 is out of bounds (from faces[37][1]) in file ../../../../../Documents/OpenSCAD/libraries/nopscadlib/utils/sweep.scad, line 177
WARNING: Point index 34 is out of bounds (from faces[37][2]) in file ../../../../../Documents/OpenSCAD/libraries/nopscadlib/utils/sweep.scad, line 177
WARNING: Point index 29 is out of bounds (from faces[38][0]) in file ../../../../../Documents/OpenSCAD/libraries/nopscadlib/utils/sweep.scad, line 177
WARNING: Point index 34 is out of bounds (from faces[38][1]) in file ../../../../../Documents/OpenSCAD/libraries/nopscadlib/utils/sweep.scad, line 177
WARNING: Point index 33 is out of bounds (from faces[38][2]) in file ../../../../../Documents/OpenSCAD/libraries/nopscadlib/utils/sweep.scad, line 177
WARNING: Point index 33 is out of bounds (from faces[39][0]) in file ../../../../../Documents/OpenSCAD/libraries/nopscadlib/utils/sweep.scad, line 177
WARNING: Point index 34 is out of bounds (from faces[39][1]) in file ../../../../../Documents/OpenSCAD/libraries/nopscadlib/utils/sweep.scad, line 177
WARNING: Point index 38 is out of bounds (from faces[39][2]) in file ../../../../../Documents/OpenSCAD/libraries/nopscadlib/utils/sweep.scad, line 177
WARNING: Point index 33 is out of bounds (from faces[40][0]) in file ../../../../../Documents/OpenSCAD/libraries/nopscadlib/utils/sweep.scad, line 177
WARNING: Point index 38 is out of bounds (from faces[40][1]) in file ../../../../../Documents/OpenSCAD/libraries/nopscadlib/utils/sweep.scad, line 177
WARNING: Point index 37 is out of bounds (from faces[40][2]) in file ../../../../../Documents/OpenSCAD/libraries/nopscadlib/utils/sweep.scad, line 177
WARNING: Point index 37 is out of bounds (from faces[41][0]) in file ../../../../../Documents/OpenSCAD/libraries/nopscadlib/utils/sweep.scad, line 177
WARNING: Point index 38 is out of bounds (from faces[41][1]) in file ../../../../../Documents/OpenSCAD/libraries/nopscadlib/utils/sweep.scad, line 177
WARNING: Point index 42 is out of bounds (from faces[41][2]) in file ../../../../../Documents/OpenSCAD/libraries/nopscadlib/utils/sweep.scad, line 177
WARNING: Point index 37 is out of bounds (from faces[42][0]) in file ../../../../../Documents/OpenSCAD/libraries/nopscadlib/utils/sweep.scad, line 177
WARNING: Point index 42 is out of bounds (from faces[42][1]) in file ../../../../../Documents/OpenSCAD/libraries/nopscadlib/utils/sweep.scad, line 177
WARNING: Point index 41 is out of bounds (from faces[42][2]) in file ../../../../../Documents/OpenSCAD/libraries/nopscadlib/utils/sweep.scad, line 177
WARNING: Point index 41 is out of bounds (from faces[43][0]) in file ../../../../../Documents/OpenSCAD/libraries/nopscadlib/utils/sweep.scad, line 177
WARNING: Point index 42 is out of bounds (from faces[43][1]) in file ../../../../../Documents/OpenSCAD/libraries/nopscadlib/utils/sweep.scad, line 177
WARNING: Point index 46 is out of bounds (from faces[43][2]) in file ../../../../../Documents/OpenSCAD/libraries/nopscadlib/utils/sweep.scad, line 177
WARNING: Point index 41 is out of bounds (from faces[44][0]) in file ../../../../../Documents/OpenSCAD/libraries/nopscadlib/utils/sweep.scad, line 177
WARNING: Point index 46 is out of bounds (from faces[44][1]) in file ../../../../../Documents/OpenSCAD/libraries/nopscadlib/utils/sweep.scad, line 177
WARNING: Point index 45 is out of bounds (from faces[44][2]) in file ../../../../../Documents/OpenSCAD/libraries/nopscadlib/utils/sweep.scad, line 177
WARNING: Point index 2 is out of bounds (from faces[45][0]) in file ../../../../../Documents/OpenSCAD/libraries/nopscadlib/utils/sweep.scad, line 177
WARNING: Point index 3 is out of bounds (from faces[45][1]) in file ../../../../../Documents/OpenSCAD/libraries/nopscadlib/utils/sweep.scad, line 177
WARNING: Point index 7 is out of bounds (from faces[45][2]) in file ../../../../../Documents/OpenSCAD/libraries/nopscadlib/utils/sweep.scad, line 177
WARNING: Point index 2 is out of bounds (from faces[46][0]) in file ../../../../../Documents/OpenSCAD/libraries/nopscadlib/utils/sweep.scad, line 177
WARNING: Point index 7 is out of bounds (from faces[46][1]) in file ../../../../../Documents/OpenSCAD/libraries/nopscadlib/utils/sweep.scad, line 177
WARNING: Point index 6 is out of bounds (from faces[46][2]) in file ../../../../../Documents/OpenSCAD/libraries/nopscadlib/utils/sweep.scad, line 177
WARNING: Point index 6 is out of bounds (from faces[47][0]) in file ../../../../../Documents/OpenSCAD/libraries/nopscadlib/utils/sweep.scad, line 177
WARNING: Point index 7 is out of bounds (from faces[47][1]) in file ../../../../../Documents/OpenSCAD/libraries/nopscadlib/utils/sweep.scad, line 177
WARNING: Point index 11 is out of bounds (from faces[47][2]) in file ../../../../../Documents/OpenSCAD/libraries/nopscadlib/utils/sweep.scad, line 177
WARNING: Point index 6 is out of bounds (from faces[48][0]) in file ../../../../../Documents/OpenSCAD/libraries/nopscadlib/utils/sweep.scad, line 177
WARNING: Point index 11 is out of bounds (from faces[48][1]) in file ../../../../../Documents/OpenSCAD/libraries/nopscadlib/utils/sweep.scad, line 177
WARNING: Point index 10 is out of bounds (from faces[48][2]) in file ../../../../../Documents/OpenSCAD/libraries/nopscadlib/utils/sweep.scad, line 177
WARNING: Point index 10 is out of bounds (from faces[49][0]) in file ../../../../../Documents/OpenSCAD/libraries/nopscadlib/utils/sweep.scad, line 177
WARNING: Point index 11 is out of bounds (from faces[49][1]) in file ../../../../../Documents/OpenSCAD/libraries/nopscadlib/utils/sweep.scad, line 177
WARNING: Point index 15 is out of bounds (from faces[49][2]) in file ../../../../../Documents/OpenSCAD/libraries/nopscadlib/utils/sweep.scad, line 177
WARNING: Point index 10 is out of bounds (from faces[50][0]) in file ../../../../../Documents/OpenSCAD/libraries/nopscadlib/utils/sweep.scad, line 177
WARNING: Point index 15 is out of bounds (from faces[50][1]) in file ../../../../../Documents/OpenSCAD/libraries/nopscadlib/utils/sweep.scad, line 177
WARNING: Point index 14 is out of bounds (from faces[50][2]) in file ../../../../../Documents/OpenSCAD/libraries/nopscadlib/utils/sweep.scad, line 177
WARNING: Point index 14 is out of bounds (from faces[51][0]) in file ../../../../../Documents/OpenSCAD/libraries/nopscadlib/utils/sweep.scad, line 177
WARNING: Point index 15 is out of bounds (from faces[51][1]) in file ../../../../../Documents/OpenSCAD/libraries/nopscadlib/utils/sweep.scad, line 177
WARNING: Point index 19 is out of bounds (from faces[51][2]) in file ../../../../../Documents/OpenSCAD/libraries/nopscadlib/utils/sweep.scad, line 177
WARNING: Point index 14 is out of bounds (from faces[52][0]) in file ../../../../../Documents/OpenSCAD/libraries/nopscadlib/utils/sweep.scad, line 177
WARNING: Point index 19 is out of bounds (from faces[52][1]) in file ../../../../../Documents/OpenSCAD/libraries/nopscadlib/utils/sweep.scad, line 177
WARNING: Point index 18 is out of bounds (from faces[52][2]) in file ../../../../../Documents/OpenSCAD/libraries/nopscadlib/utils/sweep.scad, line 177
WARNING: Point index 18 is out of bounds (from faces[53][0]) in file ../../../../../Documents/OpenSCAD/libraries/nopscadlib/utils/sweep.scad, line 177
WARNING: Point index 19 is out of bounds (from faces[53][1]) in file ../../../../../Documents/OpenSCAD/libraries/nopscadlib/utils/sweep.scad, line 177
WARNING: Point index 23 is out of bounds (from faces[53][2]) in file ../../../../../Documents/OpenSCAD/libraries/nopscadlib/utils/sweep.scad, line 177
WARNING: Point index 18 is out of bounds (from faces[54][0]) in file ../../../../../Documents/OpenSCAD/libraries/nopscadlib/utils/sweep.scad, line 177
WARNING: Point index 23 is out of bounds (from faces[54][1]) in file ../../../../../Documents/OpenSCAD/libraries/nopscadlib/utils/sweep.scad, line 177
WARNING: Point index 22 is out of bounds (from faces[54][2]) in file ../../../../../Documents/OpenSCAD/libraries/nopscadlib/utils/sweep.scad, line 177
WARNING: Point index 22 is out of bounds (from faces[55][0]) in file ../../../../../Documents/OpenSCAD/libraries/nopscadlib/utils/sweep.scad, line 177
WARNING: Point index 23 is out of bounds (from faces[55][1]) in file ../../../../../Documents/OpenSCAD/libraries/nopscadlib/utils/sweep.scad, line 177
WARNING: Point index 27 is out of bounds (from faces[55][2]) in file ../../../../../Documents/OpenSCAD/libraries/nopscadlib/utils/sweep.scad, line 177
WARNING: Point index 22 is out of bounds (from faces[56][0]) in file ../../../../../Documents/OpenSCAD/libraries/nopscadlib/utils/sweep.scad, line 177
WARNING: Point index 27 is out of bounds (from faces[56][1]) in file ../../../../../Documents/OpenSCAD/libraries/nopscadlib/utils/sweep.scad, line 177
WARNING: Point index 26 is out of bounds (from faces[56][2]) in file ../../../../../Documents/OpenSCAD/libraries/nopscadlib/utils/sweep.scad, line 177
WARNING: Point index 26 is out of bounds (from faces[57][0]) in file ../../../../../Documents/OpenSCAD/libraries/nopscadlib/utils/sweep.scad, line 177
WARNING: Point index 27 is out of bounds (from faces[57][1]) in file ../../../../../Documents/OpenSCAD/libraries/nopscadlib/utils/sweep.scad, line 177
WARNING: Point index 31 is out of bounds (from faces[57][2]) in file ../../../../../Documents/OpenSCAD/libraries/nopscadlib/utils/sweep.scad, line 177
WARNING: Point index 26 is out of bounds (from faces[58][0]) in file ../../../../../Documents/OpenSCAD/libraries/nopscadlib/utils/sweep.scad, line 177
WARNING: Point index 31 is out of bounds (from faces[58][1]) in file ../../../../../Documents/OpenSCAD/libraries/nopscadlib/utils/sweep.scad, line 177
WARNING: Point index 30 is out of bounds (from faces[58][2]) in file ../../../../../Documents/OpenSCAD/libraries/nopscadlib/utils/sweep.scad, line 177
WARNING: Point index 30 is out of bounds (from faces[59][0]) in file ../../../../../Documents/OpenSCAD/libraries/nopscadlib/utils/sweep.scad, line 177
WARNING: Point index 31 is out of bounds (from faces[59][1]) in file ../../../../../Documents/OpenSCAD/libraries/nopscadlib/utils/sweep.scad, line 177
WARNING: Point index 35 is out of bounds (from faces[59][2]) in file ../../../../../Documents/OpenSCAD/libraries/nopscadlib/utils/sweep.scad, line 177
WARNING: Point index 30 is out of bounds (from faces[60][0]) in file ../../../../../Documents/OpenSCAD/libraries/nopscadlib/utils/sweep.scad, line 177
WARNING: Point index 35 is out of bounds (from faces[60][1]) in file ../../../../../Documents/OpenSCAD/libraries/nopscadlib/utils/sweep.scad, line 177
WARNING: Point index 34 is out of bounds (from faces[60][2]) in file ../../../../../Documents/OpenSCAD/libraries/nopscadlib/utils/sweep.scad, line 177
WARNING: Point index 34 is out of bounds (from faces[61][0]) in file ../../../../../Documents/OpenSCAD/libraries/nopscadlib/utils/sweep.scad, line 177
WARNING: Point index 35 is out of bounds (from faces[61][1]) in file ../../../../../Documents/OpenSCAD/libraries/nopscadlib/utils/sweep.scad, line 177
WARNING: Point index 39 is out of bounds (from faces[61][2]) in file ../../../../../Documents/OpenSCAD/libraries/nopscadlib/utils/sweep.scad, line 177
WARNING: Point index 34 is out of bounds (from faces[62][0]) in file ../../../../../Documents/OpenSCAD/libraries/nopscadlib/utils/sweep.scad, line 177
WARNING: Point index 39 is out of bounds (from faces[62][1]) in file ../../../../../Documents/OpenSCAD/libraries/nopscadlib/utils/sweep.scad, line 177
WARNING: Point index 38 is out of bounds (from faces[62][2]) in file ../../../../../Documents/OpenSCAD/libraries/nopscadlib/utils/sweep.scad, line 177
WARNING: Point index 38 is out of bounds (from faces[63][0]) in file ../../../../../Documents/OpenSCAD/libraries/nopscadlib/utils/sweep.scad, line 177
WARNING: Point index 39 is out of bounds (from faces[63][1]) in file ../../../../../Documents/OpenSCAD/libraries/nopscadlib/utils/sweep.scad, line 177
WARNING: Point index 43 is out of bounds (from faces[63][2]) in file ../../../../../Documents/OpenSCAD/libraries/nopscadlib/utils/sweep.scad, line 177
WARNING: Point index 38 is out of bounds (from faces[64][0]) in file ../../../../../Documents/OpenSCAD/libraries/nopscadlib/utils/sweep.scad, line 177
WARNING: Point index 43 is out of bounds (from faces[64][1]) in file ../../../../../Documents/OpenSCAD/libraries/nopscadlib/utils/sweep.scad, line 177
WARNING: Point index 42 is out of bounds (from faces[64][2]) in file ../../../../../Documents/OpenSCAD/libraries/nopscadlib/utils/sweep.scad, line 177
WARNING: Point index 42 is out of bounds (from faces[65][0]) in file ../../../../../Documents/OpenSCAD/libraries/nopscadlib/utils/sweep.scad, line 177
WARNING: Point index 43 is out of bounds (from faces[65][1]) in file ../../../../../Documents/OpenSCAD/libraries/nopscadlib/utils/sweep.scad, line 177
WARNING: Point index 47 is out of bounds (from faces[65][2]) in file ../../../../../Documents/OpenSCAD/libraries/nopscadlib/utils/sweep.scad, line 177
WARNING: Point index 42 is out of bounds (from faces[66][0]) in file ../../../../../Documents/OpenSCAD/libraries/nopscadlib/utils/sweep.scad, line 177
WARNING: Point index 47 is out of bounds (from faces[66][1]) in file ../../../../../Documents/OpenSCAD/libraries/nopscadlib/utils/sweep.scad, line 177
WARNING: Point index 46 is out of bounds (from faces[66][2]) in file ../../../../../Documents/OpenSCAD/libraries/nopscadlib/utils/sweep.scad, line 177
WARNING: Point index 3 is out of bounds (from faces[67][0]) in file ../../../../../Documents/OpenSCAD/libraries/nopscadlib/utils/sweep.scad, line 177
WARNING: Point index 0 is out of bounds (from faces[67][1]) in file ../../../../../Documents/OpenSCAD/libraries/nopscadlib/utils/sweep.scad, line 177
WARNING: Point index 4 is out of bounds (from faces[67][2]) in file ../../../../../Documents/OpenSCAD/libraries/nopscadlib/utils/sweep.scad, line 177
WARNING: Point index 3 is out of bounds (from faces[68][0]) in file ../../../../../Documents/OpenSCAD/libraries/nopscadlib/utils/sweep.scad, line 177
WARNING: Point index 4 is out of bounds (from faces[68][1]) in file ../../../../../Documents/OpenSCAD/libraries/nopscadlib/utils/sweep.scad, line 177
WARNING: Point index 7 is out of bounds (from faces[68][2]) in file ../../../../../Documents/OpenSCAD/libraries/nopscadlib/utils/sweep.scad, line 177
WARNING: Point index 7 is out of bounds (from faces[69][0]) in file ../../../../../Documents/OpenSCAD/libraries/nopscadlib/utils/sweep.scad, line 177
WARNING: Point index 4 is out of bounds (from faces[69][1]) in file ../../../../../Documents/OpenSCAD/libraries/nopscadlib/utils/sweep.scad, line 177
WARNING: Point index 8 is out of bounds (from faces[69][2]) in file ../../../../../Documents/OpenSCAD/libraries/nopscadlib/utils/sweep.scad, line 177
WARNING: Point index 7 is out of bounds (from faces[70][0]) in file ../../../../../Documents/OpenSCAD/libraries/nopscadlib/utils/sweep.scad, line 177
WARNING: Point index 8 is out of bounds (from faces[70][1]) in file ../../../../../Documents/OpenSCAD/libraries/nopscadlib/utils/sweep.scad, line 177
WARNING: Point index 11 is out of bounds (from faces[70][2]) in file ../../../../../Documents/OpenSCAD/libraries/nopscadlib/utils/sweep.scad, line 177
WARNING: Point index 11 is out of bounds (from faces[71][0]) in file ../../../../../Documents/OpenSCAD/libraries/nopscadlib/utils/sweep.scad, line 177
WARNING: Point index 8 is out of bounds (from faces[71][1]) in file ../../../../../Documents/OpenSCAD/libraries/nopscadlib/utils/sweep.scad, line 177
WARNING: Point index 12 is out of bounds (from faces[71][2]) in file ../../../../../Documents/OpenSCAD/libraries/nopscadlib/utils/sweep.scad, line 177
WARNING: Point index 11 is out of bounds (from faces[72][0]) in file ../../../../../Documents/OpenSCAD/libraries/nopscadlib/utils/sweep.scad, line 177
WARNING: Point index 12 is out of bounds (from faces[72][1]) in file ../../../../../Documents/OpenSCAD/libraries/nopscadlib/utils/sweep.scad, line 177
WARNING: Point index 15 is out of bounds (from faces[72][2]) in file ../../../../../Documents/OpenSCAD/libraries/nopscadlib/utils/sweep.scad, line 177
WARNING: Point index 15 is out of bounds (from faces[73][0]) in file ../../../../../Documents/OpenSCAD/libraries/nopscadlib/utils/sweep.scad, line 177
WARNING: Point index 12 is out of bounds (from faces[73][1]) in file ../../../../../Documents/OpenSCAD/libraries/nopscadlib/utils/sweep.scad, line 177
WARNING: Point index 16 is out of bounds (from faces[73][2]) in file ../../../../../Documents/OpenSCAD/libraries/nopscadlib/utils/sweep.scad, line 177
WARNING: Point index 15 is out of bounds (from faces[74][0]) in file ../../../../../Documents/OpenSCAD/libraries/nopscadlib/utils/sweep.scad, line 177
WARNING: Point index 16 is out of bounds (from faces[74][1]) in file ../../../../../Documents/OpenSCAD/libraries/nopscadlib/utils/sweep.scad, line 177
WARNING: Point index 19 is out of bounds (from faces[74][2]) in file ../../../../../Documents/OpenSCAD/libraries/nopscadlib/utils/sweep.scad, line 177
WARNING: Point index 19 is out of bounds (from faces[75][0]) in file ../../../../../Documents/OpenSCAD/libraries/nopscadlib/utils/sweep.scad, line 177
WARNING: Point index 16 is out of bounds (from faces[75][1]) in file ../../../../../Documents/OpenSCAD/libraries/nopscadlib/utils/sweep.scad, line 177
WARNING: Point index 20 is out of bounds (from faces[75][2]) in file ../../../../../Documents/OpenSCAD/libraries/nopscadlib/utils/sweep.scad, line 177
WARNING: Point index 19 is out of bounds (from faces[76][0]) in file ../../../../../Documents/OpenSCAD/libraries/nopscadlib/utils/sweep.scad, line 177
WARNING: Point index 20 is out of bounds (from faces[76][1]) in file ../../../../../Documents/OpenSCAD/libraries/nopscadlib/utils/sweep.scad, line 177
WARNING: Point index 23 is out of bounds (from faces[76][2]) in file ../../../../../Documents/OpenSCAD/libraries/nopscadlib/utils/sweep.scad, line 177
WARNING: Point index 23 is out of bounds (from faces[77][0]) in file ../../../../../Documents/OpenSCAD/libraries/nopscadlib/utils/sweep.scad, line 177
WARNING: Point index 20 is out of bounds (from faces[77][1]) in file ../../../../../Documents/OpenSCAD/libraries/nopscadlib/utils/sweep.scad, line 177
WARNING: Point index 24 is out of bounds (from faces[77][2]) in file ../../../../../Documents/OpenSCAD/libraries/nopscadlib/utils/sweep.scad, line 177
WARNING: Point index 23 is out of bounds (from faces[78][0]) in file ../../../../../Documents/OpenSCAD/libraries/nopscadlib/utils/sweep.scad, line 177
WARNING: Point index 24 is out of bounds (from faces[78][1]) in file ../../../../../Documents/OpenSCAD/libraries/nopscadlib/utils/sweep.scad, line 177
WARNING: Point index 27 is out of bounds (from faces[78][2]) in file ../../../../../Documents/OpenSCAD/libraries/nopscadlib/utils/sweep.scad, line 177
WARNING: Point index 27 is out of bounds (from faces[79][0]) in file ../../../../../Documents/OpenSCAD/libraries/nopscadlib/utils/sweep.scad, line 177
WARNING: Point index 24 is out of bounds (from faces[79][1]) in file ../../../../../Documents/OpenSCAD/libraries/nopscadlib/utils/sweep.scad, line 177
WARNING: Point index 28 is out of bounds (from faces[79][2]) in file ../../../../../Documents/OpenSCAD/libraries/nopscadlib/utils/sweep.scad, line 177
WARNING: Point index 27 is out of bounds (from faces[80][0]) in file ../../../../../Documents/OpenSCAD/libraries/nopscadlib/utils/sweep.scad, line 177
WARNING: Point index 28 is out of bounds (from faces[80][1]) in file ../../../../../Documents/OpenSCAD/libraries/nopscadlib/utils/sweep.scad, line 177
WARNING: Point index 31 is out of bounds (from faces[80][2]) in file ../../../../../Documents/OpenSCAD/libraries/nopscadlib/utils/sweep.scad, line 177
WARNING: Point index 31 is out of bounds (from faces[81][0]) in file ../../../../../Documents/OpenSCAD/libraries/nopscadlib/utils/sweep.scad, line 177
WARNING: Point index 28 is out of bounds (from faces[81][1]) in file ../../../../../Documents/OpenSCAD/libraries/nopscadlib/utils/sweep.scad, line 177
WARNING: Point index 32 is out of bounds (from faces[81][2]) in file ../../../../../Documents/OpenSCAD/libraries/nopscadlib/utils/sweep.scad, line 177
WARNING: Point index 31 is out of bounds (from faces[82][0]) in file ../../../../../Documents/OpenSCAD/libraries/nopscadlib/utils/sweep.scad, line 177
WARNING: Point index 32 is out of bounds (from faces[82][1]) in file ../../../../../Documents/OpenSCAD/libraries/nopscadlib/utils/sweep.scad, line 177
WARNING: Point index 35 is out of bounds (from faces[82][2]) in file ../../../../../Documents/OpenSCAD/libraries/nopscadlib/utils/sweep.scad, line 177
WARNING: Point index 35 is out of bounds (from faces[83][0]) in file ../../../../../Documents/OpenSCAD/libraries/nopscadlib/utils/sweep.scad, line 177
WARNING: Point index 32 is out of bounds (from faces[83][1]) in file ../../../../../Documents/OpenSCAD/libraries/nopscadlib/utils/sweep.scad, line 177
WARNING: Point index 36 is out of bounds (from faces[83][2]) in file ../../../../../Documents/OpenSCAD/libraries/nopscadlib/utils/sweep.scad, line 177
WARNING: Point index 35 is out of bounds (from faces[84][0]) in file ../../../../../Documents/OpenSCAD/libraries/nopscadlib/utils/sweep.scad, line 177
WARNING: Point index 36 is out of bounds (from faces[84][1]) in file ../../../../../Documents/OpenSCAD/libraries/nopscadlib/utils/sweep.scad, line 177
WARNING: Point index 39 is out of bounds (from faces[84][2]) in file ../../../../../Documents/OpenSCAD/libraries/nopscadlib/utils/sweep.scad, line 177
WARNING: Point index 39 is out of bounds (from faces[85][0]) in file ../../../../../Documents/OpenSCAD/libraries/nopscadlib/utils/sweep.scad, line 177
WARNING: Point index 36 is out of bounds (from faces[85][1]) in file ../../../../../Documents/OpenSCAD/libraries/nopscadlib/utils/sweep.scad, line 177
WARNING: Point index 40 is out of bounds (from faces[85][2]) in file ../../../../../Documents/OpenSCAD/libraries/nopscadlib/utils/sweep.scad, line 177
WARNING: Point index 39 is out of bounds (from faces[86][0]) in file ../../../../../Documents/OpenSCAD/libraries/nopscadlib/utils/sweep.scad, line 177
WARNING: Point index 40 is out of bounds (from faces[86][1]) in file ../../../../../Documents/OpenSCAD/libraries/nopscadlib/utils/sweep.scad, line 177
WARNING: Point index 43 is out of bounds (from faces[86][2]) in file ../../../../../Documents/OpenSCAD/libraries/nopscadlib/utils/sweep.scad, line 177
WARNING: Point index 43 is out of bounds (from faces[87][0]) in file ../../../../../Documents/OpenSCAD/libraries/nopscadlib/utils/sweep.scad, line 177
WARNING: Point index 40 is out of bounds (from faces[87][1]) in file ../../../../../Documents/OpenSCAD/libraries/nopscadlib/utils/sweep.scad, line 177
WARNING: Point index 44 is out of bounds (from faces[87][2]) in file ../../../../../Documents/OpenSCAD/libraries/nopscadlib/utils/sweep.scad, line 177
WARNING: Point index 43 is out of bounds (from faces[88][0]) in file ../../../../../Documents/OpenSCAD/libraries/nopscadlib/utils/sweep.scad, line 177
WARNING: Point index 44 is out of bounds (from faces[88][1]) in file ../../../../../Documents/OpenSCAD/libraries/nopscadlib/utils/sweep.scad, line 177
WARNING: Point index 47 is out of bounds (from faces[88][2]) in file ../../../../../Documents/OpenSCAD/libraries/nopscadlib/utils/sweep.scad, line 177
WARNING: Point index 44 is out of bounds (from faces[89][0]) in file ../../../../../Documents/OpenSCAD/libraries/nopscadlib/utils/sweep.scad, line 177
WARNING: Point index 45 is out of bounds (from faces[89][1]) in file ../../../../../Documents/OpenSCAD/libraries/nopscadlib/utils/sweep.scad, line 177
WARNING: Point index 46 is out of bounds (from faces[89][2]) in file ../../../../../Documents/OpenSCAD/libraries/nopscadlib/utils/sweep.scad, line 177
WARNING: Point index 47 is out of bounds (from faces[89][3]) in file ../../../../../Documents/OpenSCAD/libraries/nopscadlib/utils/sweep.scad, line 177
Fontconfig warning: "/Applications/OpenSCAD-2021.01.app/Contents/Resources/fonts/fonts.conf", line 84: unknown element "blank"
Geometries in cache: 24
Geometry cache size in bytes: 69328
CGAL Polyhedrons in cache: 4
CGAL cache size in bytes: 1637120
Total rendering time: 0:00:01.114
   Top level object is a 3D object:
   Simple:        yes
   Vertices:      416
   Halfedges:    1256
   Edges:         628
   Halffacets:    428
   Facets:        214
   Volumes:         2
