WARNING: undefined operation (number * undefined) in file maths.scad, line 104
WARNING: Incorrect arguments to norm() in file ../../../../../Documents/OpenSCAD/libraries/nopscadlib/utils/maths.scad, line 104
WARNING: undefined operation (number * undefined) in file maths.scad, line 104
WARNING: undefined operation (undefined / undefined) in file maths.scad, line 104
WARNING: acos() parameter could not be converted in file ../../../../../Documents/OpenSCAD/libraries/nopscadlib/utils/maths.scad, line 104
WARNING: undefined operation (undefined / number) in file sweep.scad, line 214
WARNING: tan() parameter could not be converted in file ../../../../../Documents/OpenSCAD/libraries/nopscadlib/utils/sweep.scad, line 214
WARNING: undefined operation (number * undefined) in file sweep.scad, line 214
WARNING: Incorrect arguments to norm() in file ../../../../../Documents/OpenSCAD/libraries/nopscadlib/utils/sweep.scad, line 215
WARNING: min() parameter could not be converted in file ../../../../../Documents/OpenSCAD/libraries/nopscadlib/utils/sweep.scad, line 215
WARNING: operation undefined (undefined <= undefined) in file sweep.scad, line 216
WARNING: undefined operation (undefined / number) in file sweep.scad, line 217
WARNING: tan() parameter could not be converted in file ../../../../../Documents/OpenSCAD/libraries/nopscadlib/utils/sweep.scad, line 217
WARNING: undefined operation (undefined / undefined) in file sweep.scad, line 217
ERROR: Assertion '(d <= room)' failed: "Can't fit radius 0.1 into corner at vertex path[3] = [0, -50, -50.45] only room for radius undef" in file sweep.scad, line 216
TRACE: called by 'rounded_path' in file smd.scad, line 177
TRACE: called by 'smd_sot' in file smd__QFP50P1200X1200X160_64N.scad, line 9
Geometries in cache: 1
Geometry cache size in bytes: 0
CGAL Polyhedrons in cache: 0
CGAL cache size in bytes: 0
Total rendering time: 0:00:00.000
Current top level object is empty.
