WARNING: undefined operation (number - undefined) in file toggle.scad, line 62
WARNING: undefined operation (number - undefined) in file toggle.scad, line 63
WARNING: undefined operation (undefined - undefined) in file toggle.scad, line 64
WARNING: undefined operation (undefined / number) in file toggle.scad, line 64
WARNING: undefined operation (undefined / number) in file toggle.scad, line 67
WARNING: undefined operation (undefined + undefined) in file toggle.scad, line 69
WARNING: undefined operation (number * undefined) in file toggle.scad, line 69
WARNING: undefined operation (undefined + undefined) in file toggle.scad, line 69
WARNING: undefined operation (undefined + undefined) in file toggle.scad, line 69
WARNING: undefined operation (undefined + undefined) in file toggle.scad, line 69
WARNING: undefined operation (undefined - undefined) in file toggle.scad, line 70
WARNING: operation undefined (undefined > undefined) in file toggle.scad, line 70
WARNING: undefined operation (undefined > number) in file toggle.scad, line 151
WARNING: undefined operation (-undefined) in file toggle.scad, line 80
WARNING: undefined operation (undefined - number) in file toggle.scad, line 80
WARNING: undefined operation (undefined - number) in file toggle.scad, line 80
WARNING: undefined operation (undefined - undefined) in file toggle.scad, line 80
WARNING: Unable to convert translate([0, 0, undef]) parameter to a vec3 or vec2 of numbers in file ../../../../../Documents/OpenSCAD/libraries/nopscadlib/utils/core/global.scad, line 50
WARNING: undefined operation (-undefined) in file toggle.scad, line 82
WARNING: undefined operation (undefined / number) in file toggle.scad, line 82
WARNING: undefined operation (undefined - undefined) in file toggle.scad, line 82
WARNING: Unable to convert translate([0, 0, undef]) parameter to a vec3 or vec2 of numbers in file ../../../../../Documents/OpenSCAD/libraries/nopscadlib/utils/core/global.scad, line 50
WARNING: Unable to convert cube(size=[0.8, 4.7, undef], ...) parameter to a number or a vec3 of numbers in file ../../../../../Documents/OpenSCAD/libraries/nopscadlib/vitamins/toggle.scad, line 83
WARNING: undefined operation (undefined / number) in file toggle.scad, line 100
WARNING: undefined operation (undefined - undefined) in file toggle.scad, line 100
WARNING: Unable to convert square(size=[undef, undef], ...) parameter to a number or a vec2 of numbers in file ../../../../../Documents/OpenSCAD/libraries/nopscadlib/vitamins/toggle.scad, line 100
WARNING: undefined operation (undefined / number) in file toggle.scad, line 102
WARNING: undefined operation (undefined - undefined) in file toggle.scad, line 102
WARNING: Unable to convert square(size=[undef, undef], ...) parameter to a number or a vec2 of numbers in file ../../../../../Documents/OpenSCAD/libraries/nopscadlib/vitamins/toggle.scad, line 102
WARNING: undefined operation (undefined / number) in file toggle.scad, line 104
WARNING: undefined operation (undefined + number) in file toggle.scad, line 104
WARNING: Unable to convert square(size=[undef, undef], ...) parameter to a number or a vec2 of numbers in file ../../../../../Documents/OpenSCAD/libraries/nopscadlib/vitamins/toggle.scad, line 104
WARNING: undefined operation (-undefined) in file toggle.scad, line 111
WARNING: undefined operation (undefined / number) in file toggle.scad, line 111
WARNING: Unable to convert translate([0, 0, undef]) parameter to a vec3 or vec2 of numbers in file ../../../../../Documents/OpenSCAD/libraries/nopscadlib/utils/core/global.scad, line 50
WARNING: Unable to convert cube(size=[0.8, 4.7, undef], ...) parameter to a number or a vec3 of numbers in file ../../../../../Documents/OpenSCAD/libraries/nopscadlib/vitamins/toggle.scad, line 112
WARNING: undefined operation (-undefined) in file toggle.scad, line 114
WARNING: undefined operation (undefined / number) in file toggle.scad, line 114
WARNING: Unable to convert translate([0, 0, undef]) parameter to a vec3 or vec2 of numbers in file ../../../../../Documents/OpenSCAD/libraries/nopscadlib/utils/core/global.scad, line 50
WARNING: undefined operation (number * undefined) in file toggle.scad, line 115
WARNING: undefined operation (number - undefined) in file toggle.scad, line 115
WARNING: Unable to convert cube(size=[0.815625, undef, undef], ...) parameter to a number or a vec3 of numbers in file ../../../../../Documents/OpenSCAD/libraries/nopscadlib/vitamins/toggle.scad, line 115
WARNING: undefined operation (undefined - undefined) in file toggle.scad, line 121
WARNING: undefined operation (undefined + undefined) in file toggle.scad, line 122
WARNING: undefined operation (number * undefined) in file toggle.scad, line 126
WARNING: abs() parameter could not be converted in file ../../../../../Documents/OpenSCAD/libraries/nopscadlib/vitamins/toggle.scad, line 126
WARNING: tan() parameter could not be converted in file ../../../../../Documents/OpenSCAD/libraries/nopscadlib/vitamins/toggle.scad, line 126
WARNING: undefined operation (undefined * undefined) in file toggle.scad, line 126
WARNING: undefined operation (undefined - undefined) in file toggle.scad, line 126
WARNING: undefined operation (undefined - undefined) in file toggle.scad, line 127
WARNING: undefined operation (undefined * undefined) in file toggle.scad, line 127
WARNING: undefined operation (undefined / undefined) in file toggle.scad, line 127
WARNING: undefined operation (undefined - undefined) in file toggle.scad, line 127
WARNING: Unable to convert translate([0, 0, undef]) parameter to a vec3 or vec2 of numbers in file ../../../../../Documents/OpenSCAD/libraries/nopscadlib/utils/core/global.scad, line 50
WARNING: max() parameter could not be converted in file ../../../../../Documents/OpenSCAD/libraries/nopscadlib/vitamins/toggle.scad, line 130
WARNING: Problem converting rotate(a=[undef, 0, 0]) parameter in file ../../../../../Documents/OpenSCAD/libraries/nopscadlib/vitamins/toggle.scad, line 130
WARNING: undefined operation (undefined / number) in file toggle.scad, line 140
WARNING: undefined operation (undefined - undefined) in file toggle.scad, line 140
WARNING: Unable to convert translate([0, 0, undef]) parameter to a vec3 or vec2 of numbers in file ../../../../../Documents/OpenSCAD/libraries/nopscadlib/utils/core/global.scad, line 50
WARNING: max() parameter could not be converted in file ../../../../../Documents/OpenSCAD/libraries/nopscadlib/vitamins/toggle.scad, line 142
WARNING: Problem converting rotate(a=[undef, 0, 0]) parameter in file ../../../../../Documents/OpenSCAD/libraries/nopscadlib/vitamins/toggle.scad, line 142
WARNING: Unable to convert translate([0, 0, undef]) parameter to a vec3 or vec2 of numbers in file ../../../../../Documents/OpenSCAD/libraries/nopscadlib/utils/core/global.scad, line 50
WARNING: undefined operation (undefined / number) in file toggle.scad, line 153
WARNING: undefined operation (number - undefined) in file toggle.scad, line 153
WARNING: Unable to convert translate([0, 0, undef]) parameter to a vec3 or vec2 of numbers in file ../../../../../Documents/OpenSCAD/libraries/nopscadlib/utils/core/global.scad, line 50
WARNING: undefined operation (undefined - number) in file toggle.scad, line 155
WARNING: undefined operation (number + undefined) in file toggle.scad, line 163
WARNING: Unable to convert translate([0, 0, undef]) parameter to a vec3 or vec2 of numbers in file ../../../../../Documents/OpenSCAD/libraries/nopscadlib/utils/core/global.scad, line 50
WARNING: undefined operation (undefined - number) in file washer.scad, line 58
WARNING: undefined operation (undefined - number) in file washer.scad, line 58
WARNING: undefined operation (undefined + number) in file washer.scad, line 42
WARNING: Unable to convert translate([0, 0, undef]) parameter to a vec3 or vec2 of numbers in file ../../../../../Documents/OpenSCAD/libraries/nopscadlib/utils/core/global.scad, line 50
WARNING: Unable to convert translate([0, 0, undef]) parameter to a vec3 or vec2 of numbers in file ../../../../../Documents/OpenSCAD/libraries/nopscadlib/utils/core/global.scad, line 50
WARNING: undefined operation (undefined - number) in file washer.scad, line 58
WARNING: undefined operation (undefined - number) in file washer.scad, line 58
WARNING: undefined operation (undefined + number) in file washer.scad, line 42
WARNING: Unable to convert translate([0, 0, undef]) parameter to a vec3 or vec2 of numbers in file ../../../../../Documents/OpenSCAD/libraries/nopscadlib/utils/core/global.scad, line 50
WARNING: undefined operation (undefined / number) in file washer.scad, line 82
WARNING: undefined operation (undefined / number) in file washer.scad, line 83
WARNING: undefined operation (undefined + undefined) in file washer.scad, line 83
WARNING: undefined operation (undefined / number) in file washer.scad, line 83
WARNING: undefined operation (undefined / number) in file washer.scad, line 84
WARNING: undefined operation (undefined - undefined) in file washer.scad, line 84
WARNING: undefined operation (undefined + number) in file washer.scad, line 42
WARNING: undefined operation (undefined / number) in file washer.scad, line 95
WARNING: undefined operation (undefined + undefined) in file washer.scad, line 95
WARNING: Unable to convert translate([undef, 0, 0.5]) parameter to a vec3 or vec2 of numbers in file ../../../../../Documents/OpenSCAD/libraries/nopscadlib/vitamins/washer.scad, line 95
WARNING: undefined operation (number * undefined) in file washer.scad, line 96
WARNING: undefined operation (undefined / number) in file washer.scad, line 96
WARNING: Unable to convert square(size=[undef, undef], ...) parameter to a number or a vec2 of numbers in file ../../../../../Documents/OpenSCAD/libraries/nopscadlib/vitamins/washer.scad, line 96
WARNING: undefined operation (undefined / number) in file washer.scad, line 95
WARNING: undefined operation (undefined + undefined) in file washer.scad, line 95
WARNING: Unable to convert translate([undef, 0, 0.5]) parameter to a vec3 or vec2 of numbers in file ../../../../../Documents/OpenSCAD/libraries/nopscadlib/vitamins/washer.scad, line 95
WARNING: undefined operation (number * undefined) in file washer.scad, line 96
WARNING: undefined operation (undefined / number) in file washer.scad, line 96
WARNING: Unable to convert square(size=[undef, undef], ...) parameter to a number or a vec2 of numbers in file ../../../../../Documents/OpenSCAD/libraries/nopscadlib/vitamins/washer.scad, line 96
WARNING: undefined operation (undefined / number) in file washer.scad, line 95
WARNING: undefined operation (undefined + undefined) in file washer.scad, line 95
WARNING: Unable to convert translate([undef, 0, 0.5]) parameter to a vec3 or vec2 of numbers in file ../../../../../Documents/OpenSCAD/libraries/nopscadlib/vitamins/washer.scad, line 95
WARNING: undefined operation (number * undefined) in file washer.scad, line 96
WARNING: undefined operation (undefined / number) in file washer.scad, line 96
WARNING: Unable to convert square(size=[undef, undef], ...) parameter to a number or a vec2 of numbers in file ../../../../../Documents/OpenSCAD/libraries/nopscadlib/vitamins/washer.scad, line 96
WARNING: undefined operation (undefined / number) in file washer.scad, line 95
WARNING: undefined operation (undefined + undefined) in file washer.scad, line 95
WARNING: Unable to convert translate([undef, 0, 0.5]) parameter to a vec3 or vec2 of numbers in file ../../../../../Documents/OpenSCAD/libraries/nopscadlib/vitamins/washer.scad, line 95
WARNING: undefined operation (number * undefined) in file washer.scad, line 96
WARNING: undefined operation (undefined / number) in file washer.scad, line 96
WARNING: Unable to convert square(size=[undef, undef], ...) parameter to a number or a vec2 of numbers in file ../../../../../Documents/OpenSCAD/libraries/nopscadlib/vitamins/washer.scad, line 96
WARNING: undefined operation (undefined / number) in file washer.scad, line 95
WARNING: undefined operation (undefined + undefined) in file washer.scad, line 95
WARNING: Unable to convert translate([undef, 0, 0.5]) parameter to a vec3 or vec2 of numbers in file ../../../../../Documents/OpenSCAD/libraries/nopscadlib/vitamins/washer.scad, line 95
WARNING: undefined operation (number * undefined) in file washer.scad, line 96
WARNING: undefined operation (undefined / number) in file washer.scad, line 96
WARNING: Unable to convert square(size=[undef, undef], ...) parameter to a number or a vec2 of numbers in file ../../../../../Documents/OpenSCAD/libraries/nopscadlib/vitamins/washer.scad, line 96
WARNING: undefined operation (undefined / number) in file washer.scad, line 95
WARNING: undefined operation (undefined + undefined) in file washer.scad, line 95
WARNING: Unable to convert translate([undef, 0, 0.5]) parameter to a vec3 or vec2 of numbers in file ../../../../../Documents/OpenSCAD/libraries/nopscadlib/vitamins/washer.scad, line 95
WARNING: undefined operation (number * undefined) in file washer.scad, line 96
WARNING: undefined operation (undefined / number) in file washer.scad, line 96
WARNING: Unable to convert square(size=[undef, undef], ...) parameter to a number or a vec2 of numbers in file ../../../../../Documents/OpenSCAD/libraries/nopscadlib/vitamins/washer.scad, line 96
WARNING: undefined operation (undefined / number) in file washer.scad, line 95
WARNING: undefined operation (undefined + undefined) in file washer.scad, line 95
WARNING: Unable to convert translate([undef, 0, 0.5]) parameter to a vec3 or vec2 of numbers in file ../../../../../Documents/OpenSCAD/libraries/nopscadlib/vitamins/washer.scad, line 95
WARNING: undefined operation (number * undefined) in file washer.scad, line 96
WARNING: undefined operation (undefined / number) in file washer.scad, line 96
WARNING: Unable to convert square(size=[undef, undef], ...) parameter to a number or a vec2 of numbers in file ../../../../../Documents/OpenSCAD/libraries/nopscadlib/vitamins/washer.scad, line 96
WARNING: undefined operation (undefined / number) in file washer.scad, line 95
WARNING: undefined operation (undefined + undefined) in file washer.scad, line 95
WARNING: Unable to convert translate([undef, 0, 0.5]) parameter to a vec3 or vec2 of numbers in file ../../../../../Documents/OpenSCAD/libraries/nopscadlib/vitamins/washer.scad, line 95
WARNING: undefined operation (number * undefined) in file washer.scad, line 96
WARNING: undefined operation (undefined / number) in file washer.scad, line 96
WARNING: Unable to convert square(size=[undef, undef], ...) parameter to a number or a vec2 of numbers in file ../../../../../Documents/OpenSCAD/libraries/nopscadlib/vitamins/washer.scad, line 96
WARNING: undefined operation (undefined / number) in file washer.scad, line 95
WARNING: undefined operation (undefined + undefined) in file washer.scad, line 95
WARNING: Unable to convert translate([undef, 0, 0.5]) parameter to a vec3 or vec2 of numbers in file ../../../../../Documents/OpenSCAD/libraries/nopscadlib/vitamins/washer.scad, line 95
WARNING: undefined operation (number * undefined) in file washer.scad, line 96
WARNING: undefined operation (undefined / number) in file washer.scad, line 96
WARNING: Unable to convert square(size=[undef, undef], ...) parameter to a number or a vec2 of numbers in file ../../../../../Documents/OpenSCAD/libraries/nopscadlib/vitamins/washer.scad, line 96
WARNING: undefined operation (undefined / number) in file washer.scad, line 95
WARNING: undefined operation (undefined + undefined) in file washer.scad, line 95
WARNING: Unable to convert translate([undef, 0, 0.5]) parameter to a vec3 or vec2 of numbers in file ../../../../../Documents/OpenSCAD/libraries/nopscadlib/vitamins/washer.scad, line 95
WARNING: undefined operation (number * undefined) in file washer.scad, line 96
WARNING: undefined operation (undefined / number) in file washer.scad, line 96
WARNING: Unable to convert square(size=[undef, undef], ...) parameter to a number or a vec2 of numbers in file ../../../../../Documents/OpenSCAD/libraries/nopscadlib/vitamins/washer.scad, line 96
WARNING: undefined operation (undefined / number) in file washer.scad, line 95
WARNING: undefined operation (undefined + undefined) in file washer.scad, line 95
WARNING: Unable to convert translate([undef, 0, 0.5]) parameter to a vec3 or vec2 of numbers in file ../../../../../Documents/OpenSCAD/libraries/nopscadlib/vitamins/washer.scad, line 95
WARNING: undefined operation (number * undefined) in file washer.scad, line 96
WARNING: undefined operation (undefined / number) in file washer.scad, line 96
WARNING: Unable to convert square(size=[undef, undef], ...) parameter to a number or a vec2 of numbers in file ../../../../../Documents/OpenSCAD/libraries/nopscadlib/vitamins/washer.scad, line 96
WARNING: undefined operation (undefined / number) in file washer.scad, line 95
WARNING: undefined operation (undefined + undefined) in file washer.scad, line 95
WARNING: Unable to convert translate([undef, 0, 0.5]) parameter to a vec3 or vec2 of numbers in file ../../../../../Documents/OpenSCAD/libraries/nopscadlib/vitamins/washer.scad, line 95
WARNING: undefined operation (number * undefined) in file washer.scad, line 96
WARNING: undefined operation (undefined / number) in file washer.scad, line 96
WARNING: Unable to convert square(size=[undef, undef], ...) parameter to a number or a vec2 of numbers in file ../../../../../Documents/OpenSCAD/libraries/nopscadlib/vitamins/washer.scad, line 96
WARNING: undefined operation (undefined / number) in file washer.scad, line 95
WARNING: undefined operation (undefined + undefined) in file washer.scad, line 95
WARNING: Unable to convert translate([undef, 0, 0.5]) parameter to a vec3 or vec2 of numbers in file ../../../../../Documents/OpenSCAD/libraries/nopscadlib/vitamins/washer.scad, line 95
WARNING: undefined operation (number * undefined) in file washer.scad, line 96
WARNING: undefined operation (undefined / number) in file washer.scad, line 96
WARNING: Unable to convert square(size=[undef, undef], ...) parameter to a number or a vec2 of numbers in file ../../../../../Documents/OpenSCAD/libraries/nopscadlib/vitamins/washer.scad, line 96
WARNING: Unable to convert translate([0, 0, undef]) parameter to a vec3 or vec2 of numbers in file ../../../../../Documents/OpenSCAD/libraries/nopscadlib/utils/core/global.scad, line 50
WARNING: undefined operation (undefined * number) in file thread.scad, line 225
WARNING: undefined operation (undefined - number) in file thread.scad, line 225
WARNING: undefined operation (undefined / number) in file nut.scad, line 98
WARNING: undefined operation (undefined / number) in file nut.scad, line 39
WARNING: undefined operation (undefined / number) in file nut.scad, line 39
WARNING: undefined operation (undefined * number) in file nut.scad, line 46
WARNING: undefined operation (undefined * number) in file nut.scad, line 114
WARNING: undefined operation (undefined / number) in file nut.scad, line 62
WARNING: undefined operation (undefined * number) in file nut.scad, line 63
Geometries in cache: 58
Geometry cache size in bytes: 281312
CGAL Polyhedrons in cache: 5
CGAL cache size in bytes: 4721264
Total rendering time: 0:00:06.215
   Top level object is a 3D object:
   Simple:        yes
   Vertices:      401
   Halfedges:    1880
   Edges:         940
   Halffacets:   1082
   Facets:        541
   Volumes:         2
