WARNING: undefined operation (number + undefined) in file toggle.scad, line 69
WARNING: undefined operation (undefined + number) in file toggle.scad, line 69
WARNING: undefined operation (number - undefined) in file toggle.scad, line 70
WARNING: undefined operation (undefined > number) in file toggle.scad, line 70
WARNING: Unable to convert translate([0, 0, undef]) parameter to a vec3 or vec2 of numbers in file ../../../../../Documents/OpenSCAD/libraries/nopscadlib/utils/core/global.scad, line 50
Geometries in cache: 79
Geometry cache size in bytes: 658888
CGAL Polyhedrons in cache: 12
CGAL cache size in bytes: 28123272
Total rendering time: 0:00:16.627
   Top level object is a 3D object:
   Simple:         no
   Vertices:     3100
   Halfedges:   12886
   Edges:        6443
   Halffacets:   6594
   Facets:       3297
   Volumes:         3
WARNING: Object may not be a valid 2-manifold and may need repair!
EXPORT-WARNING: Exported object may not be a valid 2-manifold and may need repair
