WARNING: undefined operation (number + undefined) in file toggle.scad, line 69
WARNING: undefined operation (undefined + number) in file toggle.scad, line 69
WARNING: undefined operation (number - undefined) in file toggle.scad, line 70
WARNING: undefined operation (undefined > number) in file toggle.scad, line 70
WARNING: Unable to convert translate([0, 0, undef]) parameter to a vec3 or vec2 of numbers in file ../../../../../Documents/OpenSCAD/libraries/nopscadlib/utils/core/global.scad, line 50
Geometries in cache: 82
Geometry cache size in bytes: 681848
CGAL Polyhedrons in cache: 12
CGAL cache size in bytes: 27512480
Total rendering time: 0:00:16.453
   Top level object is a 3D object:
   Simple:         no
   Vertices:     3074
   Halfedges:   12650
   Edges:        6325
   Halffacets:   6418
   Facets:       3209
   Volumes:         3
WARNING: Object may not be a valid 2-manifold and may need repair!
EXPORT-WARNING: Exported object may not be a valid 2-manifold and may need repair
